Archive member included to satisfy reference by file (symbol)

/Users/quinnbracken/Library/Application Support/Code/User/globalStorage/vexrobotics.vexcode/sdk/cpp/IQ2/IQ2_20230627_09_00_00/vexiq2/libviq2rt.a(iq2_startup.c.o)
                              (vexStartup)
/Users/quinnbracken/Library/Application Support/Code/User/globalStorage/vexrobotics.vexcode/sdk/cpp/IQ2/IQ2_20230627_09_00_00/vexiq2/libviq2rt.a(iq2_apijump.c.o)
                              /Users/quinnbracken/Library/Application Support/Code/User/globalStorage/vexrobotics.vexcode/sdk/cpp/IQ2/IQ2_20230627_09_00_00/vexiq2/libviq2rt.a(iq2_startup.c.o) (vexTaskAdd)
/Users/quinnbracken/Library/Application Support/Code/User/globalStorage/vexrobotics.vexcode/sdk/cpp/IQ2/IQ2_20230627_09_00_00/vexiq2/libviq2rt.a(iq2_apiversions.c.o)
                              /Users/quinnbracken/Library/Application Support/Code/User/globalStorage/vexrobotics.vexcode/sdk/cpp/IQ2/IQ2_20230627_09_00_00/vexiq2/libviq2rt.a(iq2_apijump.c.o) (vexSystemVersion)
/Users/quinnbracken/Library/Application Support/Code/User/globalStorage/vexrobotics.vexcode/sdk/cpp/IQ2/IQ2_20230627_09_00_00/vexiq2/libviq2rt.a(vex_global.cpp.o)
                              build/src/Drive.o (vex::wait(double, vex::timeUnits))
/Users/quinnbracken/Library/Application Support/Code/User/globalStorage/vexrobotics.vexcode/sdk/cpp/IQ2/IQ2_20230627_09_00_00/vexiq2/libviq2rt.a(vex_color.cpp.o)
                              build/src/mechanisms.o (vex::color::~color())
/Users/quinnbracken/Library/Application Support/Code/User/globalStorage/vexrobotics.vexcode/sdk/cpp/IQ2/IQ2_20230627_09_00_00/vexiq2/libviq2rt.a(vex_task.cpp.o)
                              build/src/auton.o (vex::task::task(int (*)()))
/Users/quinnbracken/Library/Application Support/Code/User/globalStorage/vexrobotics.vexcode/sdk/cpp/IQ2/IQ2_20230627_09_00_00/vexiq2/libviq2rt.a(vex_thread.cpp.o)
                              build/src/main.o (vex::this_thread::sleep_for(unsigned long))
/Users/quinnbracken/Library/Application Support/Code/User/globalStorage/vexrobotics.vexcode/sdk/cpp/IQ2/IQ2_20230627_09_00_00/vexiq2/libviq2rt.a(vex_brain.cpp.o)
                              build/src/robot-config.o (vex::brain::~brain())
/Users/quinnbracken/Library/Application Support/Code/User/globalStorage/vexrobotics.vexcode/sdk/cpp/IQ2/IQ2_20230627_09_00_00/vexiq2/libviq2rt.a(vex_timer.cpp.o)
                              /Users/quinnbracken/Library/Application Support/Code/User/globalStorage/vexrobotics.vexcode/sdk/cpp/IQ2/IQ2_20230627_09_00_00/vexiq2/libviq2rt.a(vex_brain.cpp.o) (vex::timer::~timer())
/Users/quinnbracken/Library/Application Support/Code/User/globalStorage/vexrobotics.vexcode/sdk/cpp/IQ2/IQ2_20230627_09_00_00/vexiq2/libviq2rt.a(vex_device.cpp.o)
                              build/src/Drive.o (vtable for vex::device)
/Users/quinnbracken/Library/Application Support/Code/User/globalStorage/vexrobotics.vexcode/sdk/cpp/IQ2/IQ2_20230627_09_00_00/vexiq2/libviq2rt.a(vex_motor.cpp.o)
                              build/src/main.o (vex::motor::~motor())
/Users/quinnbracken/Library/Application Support/Code/User/globalStorage/vexrobotics.vexcode/sdk/cpp/IQ2/IQ2_20230627_09_00_00/vexiq2/libviq2rt.a(vex_touchled.cpp.o)
                              build/src/robot-config.o (vex::touchled::touchled(long))
/Users/quinnbracken/Library/Application Support/Code/User/globalStorage/vexrobotics.vexcode/sdk/cpp/IQ2/IQ2_20230627_09_00_00/vexiq2/libviq2rt.a(vex_gyro.cpp.o)
                              build/src/main.o (vex::gyro::~gyro())
/Users/quinnbracken/Library/Application Support/Code/User/globalStorage/vexrobotics.vexcode/sdk/cpp/IQ2/IQ2_20230627_09_00_00/vexiq2/libviq2rt.a(vex_optical.cpp.o)
                              build/src/mechanisms.o (vex::optical::~optical())
/Users/quinnbracken/Library/Application Support/Code/User/globalStorage/vexrobotics.vexcode/sdk/cpp/IQ2/IQ2_20230627_09_00_00/vexiq2/libviq2rt.a(vex_motorgroup.cpp.o)
                              build/src/mechanisms.o (vex::motor_group::motor_group())
/Users/quinnbracken/Library/Application Support/Code/User/globalStorage/vexrobotics.vexcode/sdk/cpp/IQ2/IQ2_20230627_09_00_00/vexiq2/libviq2rt.a(vex_controller.cpp.o)
                              build/src/Drive.o (vex::controller::controller())
/Users/quinnbracken/Library/Application Support/Code/User/globalStorage/vexrobotics.vexcode/sdk/cpp/IQ2/IQ2_20230627_09_00_00/vexiq2/libviq2rt.a(vex_event.cpp.o)
                              /Users/quinnbracken/Library/Application Support/Code/User/globalStorage/vexrobotics.vexcode/sdk/cpp/IQ2/IQ2_20230627_09_00_00/vexiq2/libviq2rt.a(vex_brain.cpp.o) (vex::event::init(unsigned long, unsigned long, void (*)()))
/Users/quinnbracken/Library/Application Support/Code/User/globalStorage/vexrobotics.vexcode/sdk/cpp/IQ2/IQ2_20230627_09_00_00/vexiq2/gcc/libs/libc_nano.a(lib_a-aeabi_atexit.o)
[...]
Memory Configuration

Name             Origin             Length             Attributes
SRAM_1_2_3       0x0000000020010000 0x0000000000018000 xrw
*default*        0x0000000000000000 0xffffffffffffffff

Linker script and memory map

                0x0000000000000020                _STACK_SIZE = DEFINED (_STACK_SIZE)?_STACK_SIZE:0x20
                0x0000000000001000                _HEAP_SIZE = DEFINED (_HEAP_SIZE)?_HEAP_SIZE:0x1000

.text           0x0000000020010000     0x5800
 *(.vectors)
 *(.boot_data)
 .boot_data     0x0000000020010000       0x10 /Users/quinnbracken/Library/Application Support/Code/User/globalStorage/vexrobotics.vexcode/sdk/cpp/IQ2/IQ2_20230627_09_00_00/vexiq2/libviq2rt.a(iq2_startup.c.o)
                0x0000000020010000                vexCodeSig
                0x0000000000000020                . = 0x20
 *fill*         0x0000000020010010       0x10 
 *(.boot)
 .boot          0x0000000020010020       0x64 /Users/quinnbracken/Library/Application Support/Code/User/globalStorage/vexrobotics.vexcode/sdk/cpp/IQ2/IQ2_20230627_09_00_00/vexiq2/libviq2rt.a(iq2_startup.c.o)
                0x0000000020010020                vexStartup
                0x00000000200100c0                . = ALIGN (0x40)
 *fill*         0x0000000020010084       0x3c 
 *(.freertos_vectors)
 *(.text)
 .text          0x00000000200100c0       0x9a /Users/quinnbracken/Library/Application Support/Code/User/globalStorage/vexrobotics.vexcode/sdk/cpp/IQ2/IQ2_20230627_09_00_00/vexiq2/gcc/libs/libc_nano.a(lib_a-aeabi_memset-soft.o)
                0x00000000200100c0                __aeabi_memset
                0x00000000200100c0                __aeabi_memset8
                0x00000000200100c0                __aeabi_memset4
 *fill*         0x000000002001015a        0x6 
 .text          0x0000000020010160       0xa0 /Users/quinnbracken/Library/Application Support/Code/User/globalStorage/vexrobotics.vexcode/sdk/cpp/IQ2/IQ2_20230627_09_00_00/vexiq2/gcc/libs/libc_nano.a(lib_a-memchr.o)
                0x0000000020010160                memchr
 .text          0x0000000020010200      0x378 /Users/quinnbracken/Library/Application Support/Code/User/globalStorage/vexrobotics.vexcode/sdk/cpp/IQ2/IQ2_20230627_09_00_00/vexiq2/gcc/libs/libgcc.a(_arm_addsubdf3.o)
                0x0000000020010200                __aeabi_drsub
                0x0000000020010208                __subdf3
                0x0000000020010208                __aeabi_dsub
                0x000000002001020c                __aeabi_dadd
                0x000000002001020c                __adddf3
                0x0000000020010484                __aeabi_ui2d
                0x0000000020010484                __floatunsidf
                0x00000000200104a4                __floatsidf
                0x00000000200104a4                __aeabi_i2d
                0x00000000200104c8                __extendsfdf2
                0x00000000200104c8                __aeabi_f2d
                0x000000002001050c                __aeabi_ul2d
                0x000000002001050c                __floatundidf
                0x000000002001051c                __aeabi_l2d
                0x000000002001051c                __floatdidf
 .text          0x0000000020010578      0x424 /Users/quinnbracken/Library/Application Support/Code/User/globalStorage/vexrobotics.vexcode/sdk/cpp/IQ2/IQ2_20230627_09_00_00/vexiq2/gcc/libs/libgcc.a(_arm_muldivdf3.o)
                0x0000000020010578                __aeabi_dmul
                0x0000000020010578                __muldf3
                0x00000000200107cc                __aeabi_ddiv
                0x00000000200107cc                __divdf3
 .text          0x000000002001099c      0x110 /Users/quinnbracken/Library/Application Support/Code/User/globalStorage/vexrobotics.vexcode/sdk/cpp/IQ2/IQ2_20230627_09_00_00/vexiq2/gcc/libs/libgcc.a(_arm_cmpdf2.o)
                0x000000002001099c                __gedf2
                0x000000002001099c                __gtdf2
                0x00000000200109a4                __ledf2
                0x00000000200109a4                __ltdf2
                0x00000000200109ac                __cmpdf2
                0x00000000200109ac                __eqdf2
                0x00000000200109ac                __nedf2
                0x0000000020010a28                __aeabi_cdrcmple
                0x0000000020010a38                __aeabi_cdcmple
                0x0000000020010a38                __aeabi_cdcmpeq
                0x0000000020010a48                __aeabi_dcmpeq
                0x0000000020010a5c                __aeabi_dcmplt
                0x0000000020010a70                __aeabi_dcmple
                0x0000000020010a84                __aeabi_dcmpge
                0x0000000020010a98                __aeabi_dcmpgt
 .text          0x0000000020010aac       0x50 /Users/quinnbracken/Library/Application Support/Code/User/globalStorage/vexrobotics.vexcode/sdk/cpp/IQ2/IQ2_20230627_09_00_00/vexiq2/gcc/libs/libgcc.a(_arm_fixdfsi.o)
                0x0000000020010aac                __fixdfsi
                0x0000000020010aac                __aeabi_d2iz
 .text          0x0000000020010afc       0xa0 /Users/quinnbracken/Library/Application Support/Code/User/globalStorage/vexrobotics.vexcode/sdk/cpp/IQ2/IQ2_20230627_09_00_00/vexiq2/gcc/libs/libgcc.a(_arm_truncdfsf2.o)
                0x0000000020010afc                __aeabi_d2f
                0x0000000020010afc                __truncdfsf2
 *(.text.*)
 .text._ZN5DriveC2EiiN3vex4gyroEf
                0x0000000020010b9c       0xa8 build/src/Drive.o
                0x0000000020010b9c                Drive::Drive(int, int, vex::gyro, float)
                0x0000000020010b9c                Drive::Drive(int, int, vex::gyro, float)
 .text._ZN5Drive6SetPIDEffffffff
                0x0000000020010c44        0x8 build/src/Drive.o
                0x0000000020010c44                Drive::SetPID(float, float, float, float, float, float, float, float)
 .text._ZN5Drive10SetTurnPIDEffffffff
                0x0000000020010c4c       0x1a build/src/Drive.o
                0x0000000020010c4c                Drive::SetTurnPID(float, float, float, float, float, float, float, float)
 *fill*         0x0000000020010c66        0x2 
 .text._ZN5Drive8DriveForEf
                0x0000000020010c68      0x1cc build/src/Drive.o
                0x0000000020010c68                Drive::DriveFor(float)
 *fill*         0x0000000020010e34        0x4 
 .text._ZN5Drive6TurnToEf
                0x0000000020010e38      0x154 build/src/Drive.o
                0x0000000020010e38                Drive::TurnTo(float)
 *fill*         0x0000000020010f8c        0x4 
 .text._ZN5Drive7TurnForEf
                0x0000000020010f90      0x194 build/src/Drive.o
                0x0000000020010f90                Drive::TurnFor(float)
 *fill*         0x0000000020011124        0x4 
 .text._ZN5Drive12clearSensorsEb
                0x0000000020011128       0x60 build/src/Drive.o
                0x0000000020011128                Drive::clearSensors(bool)
 .text._ZN5Drive14drive_odometryEv
                0x0000000020011188      0x138 build/src/Drive.o
                0x0000000020011188                Drive::drive_odometry()
 .text._ZN3PIDC2Effffffff
                0x00000000200112c0       0x2e build/src/PID.o
                0x00000000200112c0                PID::PID(float, float, float, float, float, float, float, float)
                0x00000000200112c0                PID::PID(float, float, float, float, float, float, float, float)
 *fill*         0x00000000200112ee        0x2 
 .text._ZN3PID7computeEf
                0x00000000200112f0       0xc4 build/src/PID.o
                0x00000000200112f0                PID::compute(float)
 .text._ZN3PID10is_settledEv
                0x00000000200113b4       0x38 build/src/PID.o
                0x00000000200113b4                PID::is_settled()
 .text._Z10auton_odomv
                0x00000000200113ec       0x14 build/src/auton.o
                0x00000000200113ec                auton_odom()
 .text._Z10left_autonv
                0x0000000020011400      0x240 build/src/auton.o
                0x0000000020011400                left_auton()
 .text._Z11right_autonv
                0x0000000020011640      0x270 build/src/auton.o
                0x0000000020011640                right_auton()
 .text._Z9mid_autonv
                0x00000000200118b0       0x78 build/src/auton.o
                0x00000000200118b0                mid_auton()
 .text._Z20last_red_block_autonv
                0x0000000020011928       0xcc build/src/auton.o
                0x0000000020011928                last_red_block_auton()
 .text._Z9red_blockv
                0x00000000200119f4       0x2e build/src/auton.o
                0x00000000200119f4                red_block()
 .text._ZN5DriveD2Ev
                0x0000000020011a22       0x1e build/src/main.o
                0x0000000020011a22                Drive::~Drive()
 .text.main     0x0000000020011a40      0x110 build/src/main.o
                0x0000000020011a40                main
 .text._GLOBAL__sub_I_main.cpp
                0x0000000020011b50       0x68 build/src/main.o
 .text._ZN7outtakeC2Eiibi
                0x0000000020011bb8       0x66 build/src/mechanisms.o
                0x0000000020011bb8                outtake::outtake(int, int, bool, int)
                0x0000000020011bb8                outtake::outtake(int, int, bool, int)
 .text._ZN6intake10set_intakeEi
                0x0000000020011c1e       0x74 build/src/mechanisms.o
                0x0000000020011c1e                intake::set_intake(int)
 .text._ZN7outtake11set_outtakeEi
                0x0000000020011c92       0x7a build/src/mechanisms.o
                0x0000000020011c92                outtake::set_outtake(int)
 .text._ZN6intakeD2Ev
                0x0000000020011d0c        0x4 build/src/mechanisms.o
                0x0000000020011d0c                intake::~intake()
 .text._ZN7outtakeD2Ev
                0x0000000020011d10       0x1e build/src/mechanisms.o
                0x0000000020011d10                outtake::~outtake()
 .text._Z14controllerInitv
                0x0000000020011d2e       0xa8 build/src/mechanisms.o
                0x0000000020011d2e                controllerInit()
 .text._Z17buttonLUP_pressedv
                0x0000000020011dd6       0x7e build/src/mechanisms.o
                0x0000000020011dd6                buttonLUP_pressed()
 .text._Z19buttonLDOWN_pressedv
                0x0000000020011e54       0x3a build/src/mechanisms.o
                0x0000000020011e54                buttonLDOWN_pressed()
 .text._Z17buttonRUP_pressedv
                0x0000000020011e8e       0x32 build/src/mechanisms.o
                0x0000000020011e8e                buttonRUP_pressed()
 .text._Z19buttonRDOWN_pressedv
                0x0000000020011ec0       0x32 build/src/mechanisms.o
                0x0000000020011ec0                buttonRDOWN_pressed()
 .text._Z18buttonLUP_releasedv
                0x0000000020011ef2       0x2e build/src/mechanisms.o
                0x0000000020011ef2                buttonLUP_released()
 .text._Z17buttonsR_releasedv
                0x0000000020011f20       0x32 build/src/mechanisms.o
                0x0000000020011f20                buttonsR_released()
 .text._Z17buttonFUP_pressedv
                0x0000000020011f52       0x16 build/src/mechanisms.o
                0x0000000020011f52                buttonFUP_pressed()
 .text._Z17touchled_functionv
                0x0000000020011f68      0x112 build/src/mechanisms.o
                0x0000000020011f68                touchled_function()
 *fill*         0x000000002001207a        0x6 
 .text._GLOBAL__sub_I_mechanisms.cpp
                0x0000000020012080       0xe8 build/src/mechanisms.o
 .text._ZN4Odom11calculate_xEff
                0x0000000020012168       0x1e build/src/odom.o
                0x0000000020012168                Odom::calculate_x(float, float)
 .text._ZN4Odom11calculate_yEff
                0x0000000020012186       0x1e build/src/odom.o
                0x0000000020012186                Odom::calculate_y(float, float)
 .text._GLOBAL__sub_I_robot_config.cpp
                0x00000000200121a4       0x56 build/src/robot-config.o
 *fill*         0x00000000200121fa        0x6 
 .text._Z6to_radf
                0x0000000020012200       0x30 build/src/util.o
                0x0000000020012200                to_rad(float)
 .text.vexMain  0x0000000020012230       0x60 /Users/quinnbracken/Library/Application Support/Code/User/globalStorage/vexrobotics.vexcode/sdk/cpp/IQ2/IQ2_20230627_09_00_00/vexiq2/libviq2rt.a(iq2_startup.c.o)
                0x0000000020012230                vexMain
 .text.__vex_function_prolog
                0x0000000020012290       0x10 /Users/quinnbracken/Library/Application Support/Code/User/globalStorage/vexrobotics.vexcode/sdk/cpp/IQ2/IQ2_20230627_09_00_00/vexiq2/libviq2rt.a(iq2_startup.c.o)
                0x0000000020012290                __vex_function_prolog
 .text._init    0x00000000200122a0        0x2 /Users/quinnbracken/Library/Application Support/Code/User/globalStorage/vexrobotics.vexcode/sdk/cpp/IQ2/IQ2_20230627_09_00_00/vexiq2/libviq2rt.a(iq2_startup.c.o)
                0x00000000200122a0                _init
 .text._fini    0x00000000200122a2        0x2 /Users/quinnbracken/Library/Application Support/Code/User/globalStorage/vexrobotics.vexcode/sdk/cpp/IQ2/IQ2_20230627_09_00_00/vexiq2/libviq2rt.a(iq2_startup.c.o)
                0x00000000200122a2                _fini
 .text._sbrk    0x00000000200122a4       0x38 /Users/quinnbracken/Library/Application Support/Code/User/globalStorage/vexrobotics.vexcode/sdk/cpp/IQ2/IQ2_20230627_09_00_00/vexiq2/libviq2rt.a(iq2_startup.c.o)
                0x00000000200122a4                _sbrk
 .text.__cxa_atexit
                0x00000000200122dc        0x4 /Users/quinnbracken/Library/Application Support/Code/User/globalStorage/vexrobotics.vexcode/sdk/cpp/IQ2/IQ2_20230627_09_00_00/vexiq2/libviq2rt.a(iq2_startup.c.o)
                0x00000000200122dc                __cxa_atexit
 .text.vexTaskAdd
                0x00000000200122e0        0xc /Users/quinnbracken/Library/Application Support/Code/User/globalStorage/vexrobotics.vexcode/sdk/cpp/IQ2/IQ2_20230627_09_00_00/vexiq2/libviq2rt.a(iq2_apijump.c.o)
                0x00000000200122e0                vexTaskAdd
 .text.vexTaskCheckTimeslice
                0x00000000200122ec        0xc /Users/quinnbracken/Library/Application Support/Code/User/globalStorage/vexrobotics.vexcode/sdk/cpp/IQ2/IQ2_20230627_09_00_00/vexiq2/libviq2rt.a(iq2_apijump.c.o)
                0x00000000200122ec                vexTaskCheckTimeslice
 .text.vexTaskSleep
                0x00000000200122f8        0xc /Users/quinnbracken/Library/Application Support/Code/User/globalStorage/vexrobotics.vexcode/sdk/cpp/IQ2/IQ2_20230627_09_00_00/vexiq2/libviq2rt.a(iq2_apijump.c.o)
                0x00000000200122f8                vexTaskSleep
 .text.vexTasksDump
                0x0000000020012304       0x18 /Users/quinnbracken/Library/Application Support/Code/User/globalStorage/vexrobotics.vexcode/sdk/cpp/IQ2/IQ2_20230627_09_00_00/vexiq2/libviq2rt.a(iq2_apijump.c.o)
                0x0000000020012304                vexTasksDump
 .text.vexTaskGetTaskIndex
                0x000000002001231c        0xc /Users/quinnbracken/Library/Application Support/Code/User/globalStorage/vexrobotics.vexcode/sdk/cpp/IQ2/IQ2_20230627_09_00_00/vexiq2/libviq2rt.a(iq2_apijump.c.o)
                0x000000002001231c                vexTaskGetTaskIndex
 .text.vexTaskCompletionIdSet
                0x0000000020012328        0xc /Users/quinnbracken/Library/Application Support/Code/User/globalStorage/vexrobotics.vexcode/sdk/cpp/IQ2/IQ2_20230627_09_00_00/vexiq2/libviq2rt.a(iq2_apijump.c.o)
                0x0000000020012328                vexTaskCompletionIdSet
 .text.vexCriticalSection
                0x0000000020012334        0xc /Users/quinnbracken/Library/Application Support/Code/User/globalStorage/vexrobotics.vexcode/sdk/cpp/IQ2/IQ2_20230627_09_00_00/vexiq2/libviq2rt.a(iq2_apijump.c.o)
                0x0000000020012334                vexCriticalSection
 .text.vexDisplayContextSwitch
                0x0000000020012340        0xc /Users/quinnbracken/Library/Application Support/Code/User/globalStorage/vexrobotics.vexcode/sdk/cpp/IQ2/IQ2_20230627_09_00_00/vexiq2/libviq2rt.a(iq2_apijump.c.o)
                0x0000000020012340                vexDisplayContextSwitch
 .text.vexEventAdd
                0x000000002001234c       0x24 /Users/quinnbracken/Library/Application Support/Code/User/globalStorage/vexrobotics.vexcode/sdk/cpp/IQ2/IQ2_20230627_09_00_00/vexiq2/libviq2rt.a(iq2_apijump.c.o)
                0x000000002001234c                vexEventAdd
 .text.vexEventUserIndexGet
                0x0000000020012370       0x18 /Users/quinnbracken/Library/Application Support/Code/User/globalStorage/vexrobotics.vexcode/sdk/cpp/IQ2/IQ2_20230627_09_00_00/vexiq2/libviq2rt.a(iq2_apijump.c.o)
                0x0000000020012370                vexEventUserIndexGet
 .text.vexDebug
                0x0000000020012388       0x2c /Users/quinnbracken/Library/Application Support/Code/User/globalStorage/vexrobotics.vexcode/sdk/cpp/IQ2/IQ2_20230627_09_00_00/vexiq2/libviq2rt.a(iq2_apijump.c.o)
                0x0000000020012388                vexDebug
 .text.vex_sprintf
                0x00000000200123b4       0x30 /Users/quinnbracken/Library/Application Support/Code/User/globalStorage/vexrobotics.vexcode/sdk/cpp/IQ2/IQ2_20230627_09_00_00/vexiq2/libviq2rt.a(iq2_apijump.c.o)
                0x00000000200123b4                vex_sprintf
 .text.vex_vsnprintf
                0x00000000200123e4       0x2c /Users/quinnbracken/Library/Application Support/Code/User/globalStorage/vexrobotics.vexcode/sdk/cpp/IQ2/IQ2_20230627_09_00_00/vexiq2/libviq2rt.a(iq2_apijump.c.o)
                0x00000000200123e4                vex_vsnprintf
 .text.vexSystemTimeGet
                0x0000000020012410       0x18 /Users/quinnbracken/Library/Application Support/Code/User/globalStorage/vexrobotics.vexcode/sdk/cpp/IQ2/IQ2_20230627_09_00_00/vexiq2/libviq2rt.a(iq2_apijump.c.o)
                0x0000000020012410                vexSystemTimeGet
 .text._write_user
                0x0000000020012428       0x28 /Users/quinnbracken/Library/Application Support/Code/User/globalStorage/vexrobotics.vexcode/sdk/cpp/IQ2/IQ2_20230627_09_00_00/vexiq2/libviq2rt.a(iq2_apijump.c.o)
                0x0000000020012428                _write_user
 .text._read_user
                0x0000000020012450       0x28 /Users/quinnbracken/Library/Application Support/Code/User/globalStorage/vexrobotics.vexcode/sdk/cpp/IQ2/IQ2_20230627_09_00_00/vexiq2/libviq2rt.a(iq2_apijump.c.o)
                0x0000000020012450                _read_user
 .text._close_user
                0x0000000020012478       0x14 /Users/quinnbracken/Library/Application Support/Code/User/globalStorage/vexrobotics.vexcode/sdk/cpp/IQ2/IQ2_20230627_09_00_00/vexiq2/libviq2rt.a(iq2_apijump.c.o)
                0x0000000020012478                _close_user
 .text._lseek_user
                0x000000002001248c       0x28 /Users/quinnbracken/Library/Application Support/Code/User/globalStorage/vexrobotics.vexcode/sdk/cpp/IQ2/IQ2_20230627_09_00_00/vexiq2/libviq2rt.a(iq2_apijump.c.o)
                0x000000002001248c                _lseek_user
 .text._fstat_user
                0x00000000200124b4       0x1c /Users/quinnbracken/Library/Application Support/Code/User/globalStorage/vexrobotics.vexcode/sdk/cpp/IQ2/IQ2_20230627_09_00_00/vexiq2/libviq2rt.a(iq2_apijump.c.o)
                0x00000000200124b4                _fstat_user
 .text._isatty_user
                0x00000000200124d0       0x18 /Users/quinnbracken/Library/Application Support/Code/User/globalStorage/vexrobotics.vexcode/sdk/cpp/IQ2/IQ2_20230627_09_00_00/vexiq2/libviq2rt.a(iq2_apijump.c.o)
                0x00000000200124d0                _isatty_user
 .text.vexDeviceGetByIndex
                0x00000000200124e8       0x1c /Users/quinnbracken/Library/Application Support/Code/User/globalStorage/vexrobotics.vexcode/sdk/cpp/IQ2/IQ2_20230627_09_00_00/vexiq2/libviq2rt.a(iq2_apijump.c.o)
                0x00000000200124e8                vexDeviceGetByIndex
 .text.vexTouchledValueGet
                0x0000000020012504       0x1c /Users/quinnbracken/Library/Application Support/Code/User/globalStorage/vexrobotics.vexcode/sdk/cpp/IQ2/IQ2_20230627_09_00_00/vexiq2/libviq2rt.a(iq2_apijump.c.o)
                0x0000000020012504                vexTouchledValueGet
 .text.vexTouchledRgbSet
                0x0000000020012520       0x2c /Users/quinnbracken/Library/Application Support/Code/User/globalStorage/vexrobotics.vexcode/sdk/cpp/IQ2/IQ2_20230627_09_00_00/vexiq2/libviq2rt.a(iq2_apijump.c.o)
                0x0000000020012520                vexTouchledRgbSet
 .text.vexTouchledOn
                0x000000002001254c       0x1c /Users/quinnbracken/Library/Application Support/Code/User/globalStorage/vexrobotics.vexcode/sdk/cpp/IQ2/IQ2_20230627_09_00_00/vexiq2/libviq2rt.a(iq2_apijump.c.o)
                0x000000002001254c                vexTouchledOn
 .text.vexTouchledBrightnessSet
                0x0000000020012568       0x20 /Users/quinnbracken/Library/Application Support/Code/User/globalStorage/vexrobotics.vexcode/sdk/cpp/IQ2/IQ2_20230627_09_00_00/vexiq2/libviq2rt.a(iq2_apijump.c.o)
                0x0000000020012568                vexTouchledBrightnessSet
 .text.vexGyroRawDataGet
                0x0000000020012588       0x20 /Users/quinnbracken/Library/Application Support/Code/User/globalStorage/vexrobotics.vexcode/sdk/cpp/IQ2/IQ2_20230627_09_00_00/vexiq2/libviq2rt.a(iq2_apijump.c.o)
                0x0000000020012588                vexGyroRawDataGet
 .text.vexGyroCalibrationStart
                0x00000000200125a8       0x20 /Users/quinnbracken/Library/Application Support/Code/User/globalStorage/vexrobotics.vexcode/sdk/cpp/IQ2/IQ2_20230627_09_00_00/vexiq2/libviq2rt.a(iq2_apijump.c.o)
                0x00000000200125a8                vexGyroCalibrationStart
 .text.vexGyroCalibrationFlagGet
                0x00000000200125c8       0x1c /Users/quinnbracken/Library/Application Support/Code/User/globalStorage/vexrobotics.vexcode/sdk/cpp/IQ2/IQ2_20230627_09_00_00/vexiq2/libviq2rt.a(iq2_apijump.c.o)
                0x00000000200125c8                vexGyroCalibrationFlagGet
 .text.vexGyroModeSet
                0x00000000200125e4       0x20 /Users/quinnbracken/Library/Application Support/Code/User/globalStorage/vexrobotics.vexcode/sdk/cpp/IQ2/IQ2_20230627_09_00_00/vexiq2/libviq2rt.a(iq2_apijump.c.o)
                0x00000000200125e4                vexGyroModeSet
 .text.vexGyroModeGet
                0x0000000020012604       0x1c /Users/quinnbracken/Library/Application Support/Code/User/globalStorage/vexrobotics.vexcode/sdk/cpp/IQ2/IQ2_20230627_09_00_00/vexiq2/libviq2rt.a(iq2_apijump.c.o)
                0x0000000020012604                vexGyroModeGet
 .text.vexMotorVelocitySet
                0x0000000020012620       0x20 /Users/quinnbracken/Library/Application Support/Code/User/globalStorage/vexrobotics.vexcode/sdk/cpp/IQ2/IQ2_20230627_09_00_00/vexiq2/libviq2rt.a(iq2_apijump.c.o)
                0x0000000020012620                vexMotorVelocitySet
 .text.vexMotorActualVelocityGet
                0x0000000020012640       0x1c /Users/quinnbracken/Library/Application Support/Code/User/globalStorage/vexrobotics.vexcode/sdk/cpp/IQ2/IQ2_20230627_09_00_00/vexiq2/libviq2rt.a(iq2_apijump.c.o)
                0x0000000020012640                vexMotorActualVelocityGet
 .text.vexMotorModeGet
                0x000000002001265c       0x1c /Users/quinnbracken/Library/Application Support/Code/User/globalStorage/vexrobotics.vexcode/sdk/cpp/IQ2/IQ2_20230627_09_00_00/vexiq2/libviq2rt.a(iq2_apijump.c.o)
                0x000000002001265c                vexMotorModeGet
 .text.vexMotorCurrentGet
                0x0000000020012678       0x1c /Users/quinnbracken/Library/Application Support/Code/User/globalStorage/vexrobotics.vexcode/sdk/cpp/IQ2/IQ2_20230627_09_00_00/vexiq2/libviq2rt.a(iq2_apijump.c.o)
                0x0000000020012678                vexMotorCurrentGet
 .text.vexMotorZeroPositionFlagGet
                0x0000000020012694       0x1c /Users/quinnbracken/Library/Application Support/Code/User/globalStorage/vexrobotics.vexcode/sdk/cpp/IQ2/IQ2_20230627_09_00_00/vexiq2/libviq2rt.a(iq2_apijump.c.o)
                0x0000000020012694                vexMotorZeroPositionFlagGet
 .text.vexMotorReverseFlagSet
                0x00000000200126b0       0x20 /Users/quinnbracken/Library/Application Support/Code/User/globalStorage/vexrobotics.vexcode/sdk/cpp/IQ2/IQ2_20230627_09_00_00/vexiq2/libviq2rt.a(iq2_apijump.c.o)
                0x00000000200126b0                vexMotorReverseFlagSet
 .text.vexMotorEncoderUnitsSet
                0x00000000200126d0       0x20 /Users/quinnbracken/Library/Application Support/Code/User/globalStorage/vexrobotics.vexcode/sdk/cpp/IQ2/IQ2_20230627_09_00_00/vexiq2/libviq2rt.a(iq2_apijump.c.o)
                0x00000000200126d0                vexMotorEncoderUnitsSet
 .text.vexMotorBrakeModeSet
                0x00000000200126f0       0x20 /Users/quinnbracken/Library/Application Support/Code/User/globalStorage/vexrobotics.vexcode/sdk/cpp/IQ2/IQ2_20230627_09_00_00/vexiq2/libviq2rt.a(iq2_apijump.c.o)
                0x00000000200126f0                vexMotorBrakeModeSet
 .text.vexMotorPositionSet
                0x0000000020012710       0x34 /Users/quinnbracken/Library/Application Support/Code/User/globalStorage/vexrobotics.vexcode/sdk/cpp/IQ2/IQ2_20230627_09_00_00/vexiq2/libviq2rt.a(iq2_apijump.c.o)
                0x0000000020012710                vexMotorPositionSet
 .text.vexMotorPositionGet
                0x0000000020012744       0x1c /Users/quinnbracken/Library/Application Support/Code/User/globalStorage/vexrobotics.vexcode/sdk/cpp/IQ2/IQ2_20230627_09_00_00/vexiq2/libviq2rt.a(iq2_apijump.c.o)
                0x0000000020012744                vexMotorPositionGet
 .text.vexMotorAbsoluteTargetSet
                0x0000000020012760       0x38 /Users/quinnbracken/Library/Application Support/Code/User/globalStorage/vexrobotics.vexcode/sdk/cpp/IQ2/IQ2_20230627_09_00_00/vexiq2/libviq2rt.a(iq2_apijump.c.o)
                0x0000000020012760                vexMotorAbsoluteTargetSet
 .text.vexOpticalHueGet
                0x0000000020012798       0x1c /Users/quinnbracken/Library/Application Support/Code/User/globalStorage/vexrobotics.vexcode/sdk/cpp/IQ2/IQ2_20230627_09_00_00/vexiq2/libviq2rt.a(iq2_apijump.c.o)
                0x0000000020012798                vexOpticalHueGet
 .text.vexOpticalGestureEnable
                0x00000000200127b4       0x1c /Users/quinnbracken/Library/Application Support/Code/User/globalStorage/vexrobotics.vexcode/sdk/cpp/IQ2/IQ2_20230627_09_00_00/vexiq2/libviq2rt.a(iq2_apijump.c.o)
                0x00000000200127b4                vexOpticalGestureEnable
 .text.vexOpticalGestureDisable
                0x00000000200127d0       0x1c /Users/quinnbracken/Library/Application Support/Code/User/globalStorage/vexrobotics.vexcode/sdk/cpp/IQ2/IQ2_20230627_09_00_00/vexiq2/libviq2rt.a(iq2_apijump.c.o)
                0x00000000200127d0                vexOpticalGestureDisable
 .text.vexOpticalProximityThreshold
                0x00000000200127ec       0x20 /Users/quinnbracken/Library/Application Support/Code/User/globalStorage/vexrobotics.vexcode/sdk/cpp/IQ2/IQ2_20230627_09_00_00/vexiq2/libviq2rt.a(iq2_apijump.c.o)
                0x00000000200127ec                vexOpticalProximityThreshold
 .text.vexDisplayForegroundColor
                0x000000002001280c       0x1c /Users/quinnbracken/Library/Application Support/Code/User/globalStorage/vexrobotics.vexcode/sdk/cpp/IQ2/IQ2_20230627_09_00_00/vexiq2/libviq2rt.a(iq2_apijump.c.o)
                0x000000002001280c                vexDisplayForegroundColor
 .text.vexDisplayBackgroundColor
                0x0000000020012828       0x1c /Users/quinnbracken/Library/Application Support/Code/User/globalStorage/vexrobotics.vexcode/sdk/cpp/IQ2/IQ2_20230627_09_00_00/vexiq2/libviq2rt.a(iq2_apijump.c.o)
                0x0000000020012828                vexDisplayBackgroundColor
 .text.vexDisplayVPrintf
                0x0000000020012844       0x38 /Users/quinnbracken/Library/Application Support/Code/User/globalStorage/vexrobotics.vexcode/sdk/cpp/IQ2/IQ2_20230627_09_00_00/vexiq2/libviq2rt.a(iq2_apijump.c.o)
                0x0000000020012844                vexDisplayVPrintf
 .text.vexDisplayTextReference
                0x000000002001287c       0x1c /Users/quinnbracken/Library/Application Support/Code/User/globalStorage/vexrobotics.vexcode/sdk/cpp/IQ2/IQ2_20230627_09_00_00/vexiq2/libviq2rt.a(iq2_apijump.c.o)
                0x000000002001287c                vexDisplayTextReference
 .text.vexDisplayTextSize
                0x0000000020012898       0x20 /Users/quinnbracken/Library/Application Support/Code/User/globalStorage/vexrobotics.vexcode/sdk/cpp/IQ2/IQ2_20230627_09_00_00/vexiq2/libviq2rt.a(iq2_apijump.c.o)
                0x0000000020012898                vexDisplayTextSize
 .text.vexDisplayFontNamedSet
                0x00000000200128b8       0x1c /Users/quinnbracken/Library/Application Support/Code/User/globalStorage/vexrobotics.vexcode/sdk/cpp/IQ2/IQ2_20230627_09_00_00/vexiq2/libviq2rt.a(iq2_apijump.c.o)
                0x00000000200128b8                vexDisplayFontNamedSet
 .text.vexDisplayStringWidthGet
                0x00000000200128d4       0x1c /Users/quinnbracken/Library/Application Support/Code/User/globalStorage/vexrobotics.vexcode/sdk/cpp/IQ2/IQ2_20230627_09_00_00/vexiq2/libviq2rt.a(iq2_apijump.c.o)
                0x00000000200128d4                vexDisplayStringWidthGet
 .text.vexBatteryCapacityGet
                0x00000000200128f0       0x18 /Users/quinnbracken/Library/Application Support/Code/User/globalStorage/vexrobotics.vexcode/sdk/cpp/IQ2/IQ2_20230627_09_00_00/vexiq2/libviq2rt.a(iq2_apijump.c.o)
                0x00000000200128f0                vexBatteryCapacityGet
 .text._ZN3vex4waitEdNS_9timeUnitsE
                0x0000000020012908       0x3c /Users/quinnbracken/Library/Application Support/Code/User/globalStorage/vexrobotics.vexcode/sdk/cpp/IQ2/IQ2_20230627_09_00_00/vexiq2/libviq2rt.a(vex_global.cpp.o)
                0x0000000020012908                vex::wait(double, vex::timeUnits)
 .text._ZN3vex5colorD2Ev
                0x0000000020012944        0x2 /Users/quinnbracken/Library/Application Support/Code/User/globalStorage/vexrobotics.vexcode/sdk/cpp/IQ2/IQ2_20230627_09_00_00/vexiq2/libviq2rt.a(vex_color.cpp.o)
                0x0000000020012944                vex::color::~color()
                0x0000000020012944                vex::color::~color()
 .text._ZNK3vex5color3rgbEv
                0x0000000020012946        0x4 /Users/quinnbracken/Library/Application Support/Code/User/globalStorage/vexrobotics.vexcode/sdk/cpp/IQ2/IQ2_20230627_09_00_00/vexiq2/libviq2rt.a(vex_color.cpp.o)
                0x0000000020012946                vex::color::rgb() const
 *fill*         0x000000002001294a        0x2 
 .text.startup._GLOBAL__sub_I__ZN3vex5color5blackE
                0x000000002001294c      0x18c /Users/quinnbracken/Library/Application Support/Code/User/globalStorage/vexrobotics.vexcode/sdk/cpp/IQ2/IQ2_20230627_09_00_00/vexiq2/libviq2rt.a(vex_color.cpp.o)
 .text._ZN3vex4taskC2EPFivE
                0x0000000020012ad8       0x38 /Users/quinnbracken/Library/Application Support/Code/User/globalStorage/vexrobotics.vexcode/sdk/cpp/IQ2/IQ2_20230627_09_00_00/vexiq2/libviq2rt.a(vex_task.cpp.o)
                0x0000000020012ad8                vex::task::task(int (*)())
                0x0000000020012ad8                vex::task::task(int (*)())
 .text._ZN3vex4taskD2Ev
                0x0000000020012b10        0x2 /Users/quinnbracken/Library/Application Support/Code/User/globalStorage/vexrobotics.vexcode/sdk/cpp/IQ2/IQ2_20230627_09_00_00/vexiq2/libviq2rt.a(vex_task.cpp.o)
                0x0000000020012b10                vex::task::~task()
                0x0000000020012b10                vex::task::~task()
 .text._ZN3vex11this_thread9sleep_forEm
                0x0000000020012b12        0x4 /Users/quinnbracken/Library/Application Support/Code/User/globalStorage/vexrobotics.vexcode/sdk/cpp/IQ2/IQ2_20230627_09_00_00/vexiq2/libviq2rt.a(vex_thread.cpp.o)
                0x0000000020012b12                vex::this_thread::sleep_for(unsigned long)
 .text._ZN3vex5brainD2Ev
                0x0000000020012b16        0xe /Users/quinnbracken/Library/Application Support/Code/User/globalStorage/vexrobotics.vexcode/sdk/cpp/IQ2/IQ2_20230627_09_00_00/vexiq2/libviq2rt.a(vex_brain.cpp.o)
                0x0000000020012b16                vex::brain::~brain()
                0x0000000020012b16                vex::brain::~brain()
 .text._ZN3vex5brain3lcd9setCursorEll
                0x0000000020012b24       0x40 /Users/quinnbracken/Library/Application Support/Code/User/globalStorage/vexrobotics.vexcode/sdk/cpp/IQ2/IQ2_20230627_09_00_00/vexiq2/libviq2rt.a(vex_brain.cpp.o)
                0x0000000020012b24                vex::brain::lcd::setCursor(long, long)
 .text._ZN3vex5brain3lcd7setFontENS_8fontTypeE
                0x0000000020012b64      0x144 /Users/quinnbracken/Library/Application Support/Code/User/globalStorage/vexrobotics.vexcode/sdk/cpp/IQ2/IQ2_20230627_09_00_00/vexiq2/libviq2rt.a(vex_brain.cpp.o)
                0x0000000020012b64                vex::brain::lcd::setFont(vex::fontType)
 .text._ZN3vex5brain3lcdC2Ev
                0x0000000020012ca8       0x34 /Users/quinnbracken/Library/Application Support/Code/User/globalStorage/vexrobotics.vexcode/sdk/cpp/IQ2/IQ2_20230627_09_00_00/vexiq2/libviq2rt.a(vex_brain.cpp.o)
                0x0000000020012ca8                vex::brain::lcd::lcd()
                0x0000000020012ca8                vex::brain::lcd::lcd()
 .text._ZN3vex5brainC2Ev
                0x0000000020012cdc       0x32 /Users/quinnbracken/Library/Application Support/Code/User/globalStorage/vexrobotics.vexcode/sdk/cpp/IQ2/IQ2_20230627_09_00_00/vexiq2/libviq2rt.a(vex_brain.cpp.o)
                0x0000000020012cdc                vex::brain::brain()
                0x0000000020012cdc                vex::brain::brain()
 .text._ZN3vex5brain3lcd10rowToPixelEl
                0x0000000020012d0e       0x24 /Users/quinnbracken/Library/Application Support/Code/User/globalStorage/vexrobotics.vexcode/sdk/cpp/IQ2/IQ2_20230627_09_00_00/vexiq2/libviq2rt.a(vex_brain.cpp.o)
                0x0000000020012d0e                vex::brain::lcd::rowToPixel(long)
 .text._ZN3vex5brain3lcd5printEPKcz
                0x0000000020012d32       0x7e /Users/quinnbracken/Library/Application Support/Code/User/globalStorage/vexrobotics.vexcode/sdk/cpp/IQ2/IQ2_20230627_09_00_00/vexiq2/libviq2rt.a(vex_brain.cpp.o)
                0x0000000020012d32                vex::brain::lcd::print(char const*, ...)
 .text._ZN3vex5brain7battery8capacityENS_12percentUnitsE
                0x0000000020012db0       0x12 /Users/quinnbracken/Library/Application Support/Code/User/globalStorage/vexrobotics.vexcode/sdk/cpp/IQ2/IQ2_20230627_09_00_00/vexiq2/libviq2rt.a(vex_brain.cpp.o)
                0x0000000020012db0                vex::brain::battery::capacity(vex::percentUnits)
 .text._ZN3vex5timerD2Ev
                0x0000000020012dc2        0x2 /Users/quinnbracken/Library/Application Support/Code/User/globalStorage/vexrobotics.vexcode/sdk/cpp/IQ2/IQ2_20230627_09_00_00/vexiq2/libviq2rt.a(vex_timer.cpp.o)
                0x0000000020012dc2                vex::timer::~timer()
                0x0000000020012dc2                vex::timer::~timer()
 .text._ZN3vex5timer5clearEv
                0x0000000020012dc4       0x10 /Users/quinnbracken/Library/Application Support/Code/User/globalStorage/vexrobotics.vexcode/sdk/cpp/IQ2/IQ2_20230627_09_00_00/vexiq2/libviq2rt.a(vex_timer.cpp.o)
                0x0000000020012dc4                vex::timer::clear()
 .text._ZN3vex5timerC2Ev
                0x0000000020012dd4        0xc /Users/quinnbracken/Library/Application Support/Code/User/globalStorage/vexrobotics.vexcode/sdk/cpp/IQ2/IQ2_20230627_09_00_00/vexiq2/libviq2rt.a(vex_timer.cpp.o)
                0x0000000020012dd4                vex::timer::timer()
                0x0000000020012dd4                vex::timer::timer()
 .text._ZN3vex6device5valueEv
                0x0000000020012de0        0x4 /Users/quinnbracken/Library/Application Support/Code/User/globalStorage/vexrobotics.vexcode/sdk/cpp/IQ2/IQ2_20230627_09_00_00/vexiq2/libviq2rt.a(vex_device.cpp.o)
                0x0000000020012de0                vex::device::value()
 .text._ZN3vex6deviceD2Ev
                0x0000000020012de4        0x2 /Users/quinnbracken/Library/Application Support/Code/User/globalStorage/vexrobotics.vexcode/sdk/cpp/IQ2/IQ2_20230627_09_00_00/vexiq2/libviq2rt.a(vex_device.cpp.o)
                0x0000000020012de4                vex::device::~device()
                0x0000000020012de4                vex::device::~device()
 .text._ZN3vex6device4initEl
                0x0000000020012de6       0x22 /Users/quinnbracken/Library/Application Support/Code/User/globalStorage/vexrobotics.vexcode/sdk/cpp/IQ2/IQ2_20230627_09_00_00/vexiq2/libviq2rt.a(vex_device.cpp.o)
                0x0000000020012de6                vex::device::init(long)
 .text._ZN3vex6deviceC2El
                0x0000000020012e08       0x14 /Users/quinnbracken/Library/Application Support/Code/User/globalStorage/vexrobotics.vexcode/sdk/cpp/IQ2/IQ2_20230627_09_00_00/vexiq2/libviq2rt.a(vex_device.cpp.o)
                0x0000000020012e08                vex::device::device(long)
                0x0000000020012e08                vex::device::device(long)
 .text._ZN3vex6device15setPollIntervalEl
                0x0000000020012e1c        0x4 /Users/quinnbracken/Library/Application Support/Code/User/globalStorage/vexrobotics.vexcode/sdk/cpp/IQ2/IQ2_20230627_09_00_00/vexiq2/libviq2rt.a(vex_device.cpp.o)
                0x0000000020012e1c                vex::device::setPollInterval(long)
 .text._ZN3vex6device9pollValidEb
                0x0000000020012e20       0x26 /Users/quinnbracken/Library/Application Support/Code/User/globalStorage/vexrobotics.vexcode/sdk/cpp/IQ2/IQ2_20230627_09_00_00/vexiq2/libviq2rt.a(vex_device.cpp.o)
                0x0000000020012e20                vex::device::pollValid(bool)
 .text._ZN3vex6device4typeEv
                0x0000000020012e46        0x8 /Users/quinnbracken/Library/Application Support/Code/User/globalStorage/vexrobotics.vexcode/sdk/cpp/IQ2/IQ2_20230627_09_00_00/vexiq2/libviq2rt.a(vex_device.cpp.o)
                0x0000000020012e46                vex::device::type()
 .text._ZN3vex6device9installedEv
                0x0000000020012e4e        0xe /Users/quinnbracken/Library/Application Support/Code/User/globalStorage/vexrobotics.vexcode/sdk/cpp/IQ2/IQ2_20230627_09_00_00/vexiq2/libviq2rt.a(vex_device.cpp.o)
                0x0000000020012e4e                vex::device::installed()
 .text._ZN3vex5motor9installedEv
                0x0000000020012e5c        0xe /Users/quinnbracken/Library/Application Support/Code/User/globalStorage/vexrobotics.vexcode/sdk/cpp/IQ2/IQ2_20230627_09_00_00/vexiq2/libviq2rt.a(vex_motor.cpp.o)
                0x0000000020012e5c                vex::motor::installed()
 *fill*         0x0000000020012e6a        0x2 
 .text._ZN3vex5motorD2Ev
                0x0000000020012e6c       0x14 /Users/quinnbracken/Library/Application Support/Code/User/globalStorage/vexrobotics.vexcode/sdk/cpp/IQ2/IQ2_20230627_09_00_00/vexiq2/libviq2rt.a(vex_motor.cpp.o)
                0x0000000020012e6c                vex::motor::~motor()
                0x0000000020012e6c                vex::motor::~motor()
 .text._ZN3vex5motor15defaultStoppingENS_9brakeTypeE
                0x0000000020012e80       0x1a /Users/quinnbracken/Library/Application Support/Code/User/globalStorage/vexrobotics.vexcode/sdk/cpp/IQ2/IQ2_20230627_09_00_00/vexiq2/libviq2rt.a(vex_motor.cpp.o)
                0x0000000020012e80                vex::motor::defaultStopping(vex::brakeType)
 *fill*         0x0000000020012e9a        0x6 
 .text._ZN3vex5motorC2El
                0x0000000020012ea0       0x60 /Users/quinnbracken/Library/Application Support/Code/User/globalStorage/vexrobotics.vexcode/sdk/cpp/IQ2/IQ2_20230627_09_00_00/vexiq2/libviq2rt.a(vex_motor.cpp.o)
                0x0000000020012ea0                vex::motor::motor(long)
                0x0000000020012ea0                vex::motor::motor(long)
 .text._ZN3vex5motorC2Elb
                0x0000000020012f00       0x16 /Users/quinnbracken/Library/Application Support/Code/User/globalStorage/vexrobotics.vexcode/sdk/cpp/IQ2/IQ2_20230627_09_00_00/vexiq2/libviq2rt.a(vex_motor.cpp.o)
                0x0000000020012f00                vex::motor::motor(long, bool)
                0x0000000020012f00                vex::motor::motor(long, bool)
 .text._ZN3vex5motor14isSpinningModeEv
                0x0000000020012f16       0x16 /Users/quinnbracken/Library/Application Support/Code/User/globalStorage/vexrobotics.vexcode/sdk/cpp/IQ2/IQ2_20230627_09_00_00/vexiq2/libviq2rt.a(vex_motor.cpp.o)
                0x0000000020012f16                vex::motor::isSpinningMode()
 .text._ZN3vex5motor10isSpinningEv
                0x0000000020012f2c       0x20 /Users/quinnbracken/Library/Application Support/Code/User/globalStorage/vexrobotics.vexcode/sdk/cpp/IQ2/IQ2_20230627_09_00_00/vexiq2/libviq2rt.a(vex_motor.cpp.o)
                0x0000000020012f2c                vex::motor::isSpinning()
 .text._ZN3vex5motor4stopENS_9brakeTypeE
                0x0000000020012f4c       0x1e /Users/quinnbracken/Library/Application Support/Code/User/globalStorage/vexrobotics.vexcode/sdk/cpp/IQ2/IQ2_20230627_09_00_00/vexiq2/libviq2rt.a(vex_motor.cpp.o)
                0x0000000020012f4c                vex::motor::stop(vex::brakeType)
 .text._ZN3vex5motor4stopEv
                0x0000000020012f6a        0x6 /Users/quinnbracken/Library/Application Support/Code/User/globalStorage/vexrobotics.vexcode/sdk/cpp/IQ2/IQ2_20230627_09_00_00/vexiq2/libviq2rt.a(vex_motor.cpp.o)
                0x0000000020012f6a                vex::motor::stop()
 .text._ZN3vex5motor7currentENS_12currentUnitsE
                0x0000000020012f70       0x20 /Users/quinnbracken/Library/Application Support/Code/User/globalStorage/vexrobotics.vexcode/sdk/cpp/IQ2/IQ2_20230627_09_00_00/vexiq2/libviq2rt.a(vex_motor.cpp.o)
                0x0000000020012f70                vex::motor::current(vex::currentUnits)
 .text._ZN3vex5motor7currentENS_12percentUnitsE
                0x0000000020012f90       0x30 /Users/quinnbracken/Library/Application Support/Code/User/globalStorage/vexrobotics.vexcode/sdk/cpp/IQ2/IQ2_20230627_09_00_00/vexiq2/libviq2rt.a(vex_motor.cpp.o)
                0x0000000020012f90                vex::motor::current(vex::percentUnits)
 .text._ZN3vex5motor16velocityToScaledEdNS_13velocityUnitsE
                0x0000000020012fc0       0x70 /Users/quinnbracken/Library/Application Support/Code/User/globalStorage/vexrobotics.vexcode/sdk/cpp/IQ2/IQ2_20230627_09_00_00/vexiq2/libviq2rt.a(vex_motor.cpp.o)
                0x0000000020012fc0                vex::motor::velocityToScaled(double, vex::velocityUnits)
 .text._ZN3vex5motor8velocityENS_13velocityUnitsE
                0x0000000020013030       0x18 /Users/quinnbracken/Library/Application Support/Code/User/globalStorage/vexrobotics.vexcode/sdk/cpp/IQ2/IQ2_20230627_09_00_00/vexiq2/libviq2rt.a(vex_motor.cpp.o)
                0x0000000020013030                vex::motor::velocity(vex::velocityUnits)
 .text._ZN3vex5motor5valueEv
                0x0000000020013048       0x12 /Users/quinnbracken/Library/Application Support/Code/User/globalStorage/vexrobotics.vexcode/sdk/cpp/IQ2/IQ2_20230627_09_00_00/vexiq2/libviq2rt.a(vex_motor.cpp.o)
                0x0000000020013048                vex::motor::value()
 *fill*         0x000000002001305a        0x6 
 .text._ZN3vex5motor16scaledToVelocityEdNS_13velocityUnitsE
                0x0000000020013060       0x74 /Users/quinnbracken/Library/Application Support/Code/User/globalStorage/vexrobotics.vexcode/sdk/cpp/IQ2/IQ2_20230627_09_00_00/vexiq2/libviq2rt.a(vex_motor.cpp.o)
                0x0000000020013060                vex::motor::scaledToVelocity(double, vex::velocityUnits)
 .text._ZN3vex5motor4spinENS_13directionTypeEdNS_13velocityUnitsE
                0x00000000200130d4       0x32 /Users/quinnbracken/Library/Application Support/Code/User/globalStorage/vexrobotics.vexcode/sdk/cpp/IQ2/IQ2_20230627_09_00_00/vexiq2/libviq2rt.a(vex_motor.cpp.o)
                0x00000000200130d4                vex::motor::spin(vex::directionType, double, vex::velocityUnits)
 .text._ZN3vex5motor4spinENS_13directionTypeE
                0x0000000020013106       0x1e /Users/quinnbracken/Library/Application Support/Code/User/globalStorage/vexrobotics.vexcode/sdk/cpp/IQ2/IQ2_20230627_09_00_00/vexiq2/libviq2rt.a(vex_motor.cpp.o)
                0x0000000020013106                vex::motor::spin(vex::directionType)
 .text._ZN3vex5motor11setVelocityEdNS_13velocityUnitsE
                0x0000000020013124       0x54 /Users/quinnbracken/Library/Application Support/Code/User/globalStorage/vexrobotics.vexcode/sdk/cpp/IQ2/IQ2_20230627_09_00_00/vexiq2/libviq2rt.a(vex_motor.cpp.o)
                0x0000000020013124                vex::motor::setVelocity(double, vex::velocityUnits)
 .text._ZN3vex5motor16setRotationUnitsENS_13rotationUnitsE
                0x0000000020013178       0x12 /Users/quinnbracken/Library/Application Support/Code/User/globalStorage/vexrobotics.vexcode/sdk/cpp/IQ2/IQ2_20230627_09_00_00/vexiq2/libviq2rt.a(vex_motor.cpp.o)
                0x0000000020013178                vex::motor::setRotationUnits(vex::rotationUnits)
 .text._ZN3vex5motor11setPositionEdNS_13rotationUnitsE
                0x000000002001318a       0x3e /Users/quinnbracken/Library/Application Support/Code/User/globalStorage/vexrobotics.vexcode/sdk/cpp/IQ2/IQ2_20230627_09_00_00/vexiq2/libviq2rt.a(vex_motor.cpp.o)
                0x000000002001318a                vex::motor::setPosition(double, vex::rotationUnits)
 .text._ZN3vex5motor6spinToEdNS_13rotationUnitsEdNS_13velocityUnitsEb
                0x00000000200131c8       0xc0 /Users/quinnbracken/Library/Application Support/Code/User/globalStorage/vexrobotics.vexcode/sdk/cpp/IQ2/IQ2_20230627_09_00_00/vexiq2/libviq2rt.a(vex_motor.cpp.o)
                0x00000000200131c8                vex::motor::spinTo(double, vex::rotationUnits, double, vex::velocityUnits, bool)
 .text._ZN3vex5motor6spinToEdNS_13rotationUnitsEb
                0x0000000020013288       0x3a /Users/quinnbracken/Library/Application Support/Code/User/globalStorage/vexrobotics.vexcode/sdk/cpp/IQ2/IQ2_20230627_09_00_00/vexiq2/libviq2rt.a(vex_motor.cpp.o)
                0x0000000020013288                vex::motor::spinTo(double, vex::rotationUnits, bool)
 .text._ZN3vex5motor8positionENS_13rotationUnitsE
                0x00000000200132c2       0x3c /Users/quinnbracken/Library/Application Support/Code/User/globalStorage/vexrobotics.vexcode/sdk/cpp/IQ2/IQ2_20230627_09_00_00/vexiq2/libviq2rt.a(vex_motor.cpp.o)
                0x00000000200132c2                vex::motor::position(vex::rotationUnits)
 .text._ZN3vex8touchled9installedEv
                0x00000000200132fe        0xe /Users/quinnbracken/Library/Application Support/Code/User/globalStorage/vexrobotics.vexcode/sdk/cpp/IQ2/IQ2_20230627_09_00_00/vexiq2/libviq2rt.a(vex_touchled.cpp.o)
                0x00000000200132fe                vex::touchled::installed()
 .text._ZN3vex8touchledC2El
                0x000000002001330c       0x28 /Users/quinnbracken/Library/Application Support/Code/User/globalStorage/vexrobotics.vexcode/sdk/cpp/IQ2/IQ2_20230627_09_00_00/vexiq2/libviq2rt.a(vex_touchled.cpp.o)
                0x000000002001330c                vex::touchled::touchled(long)
                0x000000002001330c                vex::touchled::touchled(long)
 .text._ZN3vex8touchledD2Ev
                0x0000000020013334       0x14 /Users/quinnbracken/Library/Application Support/Code/User/globalStorage/vexrobotics.vexcode/sdk/cpp/IQ2/IQ2_20230627_09_00_00/vexiq2/libviq2rt.a(vex_touchled.cpp.o)
                0x0000000020013334                vex::touchled::~touchled()
                0x0000000020013334                vex::touchled::~touchled()
 .text._ZN3vex8touchled8pressingEv
                0x0000000020013348       0x10 /Users/quinnbracken/Library/Application Support/Code/User/globalStorage/vexrobotics.vexcode/sdk/cpp/IQ2/IQ2_20230627_09_00_00/vexiq2/libviq2rt.a(vex_touchled.cpp.o)
                0x0000000020013348                vex::touchled::pressing()
 .text._ZN3vex8touchled5valueEv
                0x0000000020013358        0x8 /Users/quinnbracken/Library/Application Support/Code/User/globalStorage/vexrobotics.vexcode/sdk/cpp/IQ2/IQ2_20230627_09_00_00/vexiq2/libviq2rt.a(vex_touchled.cpp.o)
                0x0000000020013358                vex::touchled::value()
 .text._ZN3vex8touchled7pressedEPFvvE
                0x0000000020013360        0xa /Users/quinnbracken/Library/Application Support/Code/User/globalStorage/vexrobotics.vexcode/sdk/cpp/IQ2/IQ2_20230627_09_00_00/vexiq2/libviq2rt.a(vex_touchled.cpp.o)
                0x0000000020013360                vex::touchled::pressed(void (*)())
 .text._ZN3vex8touchled14_setBrightnessEm
                0x000000002001336a       0x22 /Users/quinnbracken/Library/Application Support/Code/User/globalStorage/vexrobotics.vexcode/sdk/cpp/IQ2/IQ2_20230627_09_00_00/vexiq2/libviq2rt.a(vex_touchled.cpp.o)
                0x000000002001336a                vex::touchled::_setBrightness(unsigned long)
 .text._ZN3vex8touchled13setBrightnessEm
                0x000000002001338c       0x1c /Users/quinnbracken/Library/Application Support/Code/User/globalStorage/vexrobotics.vexcode/sdk/cpp/IQ2/IQ2_20230627_09_00_00/vexiq2/libviq2rt.a(vex_touchled.cpp.o)
                0x000000002001338c                vex::touchled::setBrightness(unsigned long)
 .text._ZN3vex8touchled9_setColorEm
                0x00000000200133a8       0x2c /Users/quinnbracken/Library/Application Support/Code/User/globalStorage/vexrobotics.vexcode/sdk/cpp/IQ2/IQ2_20230627_09_00_00/vexiq2/libviq2rt.a(vex_touchled.cpp.o)
                0x00000000200133a8                vex::touchled::_setColor(unsigned long)
 .text._ZN3vex8touchled8setColorENS_5colorE
                0x00000000200133d4       0x2e /Users/quinnbracken/Library/Application Support/Code/User/globalStorage/vexrobotics.vexcode/sdk/cpp/IQ2/IQ2_20230627_09_00_00/vexiq2/libviq2rt.a(vex_touchled.cpp.o)
                0x00000000200133d4                vex::touchled::setColor(vex::color)
 .text._ZN3vex4gyro5valueEv
                0x0000000020013402       0x14 /Users/quinnbracken/Library/Application Support/Code/User/globalStorage/vexrobotics.vexcode/sdk/cpp/IQ2/IQ2_20230627_09_00_00/vexiq2/libviq2rt.a(vex_gyro.cpp.o)
                0x0000000020013402                vex::gyro::value()
 *fill*         0x0000000020013416        0x2 
 .text._ZN3vex4gyroD2Ev
                0x0000000020013418       0x14 /Users/quinnbracken/Library/Application Support/Code/User/globalStorage/vexrobotics.vexcode/sdk/cpp/IQ2/IQ2_20230627_09_00_00/vexiq2/libviq2rt.a(vex_gyro.cpp.o)
                0x0000000020013418                vex::gyro::~gyro()
                0x0000000020013418                vex::gyro::~gyro()
 .text._ZThn20_N3vex4gyroD1Ev
                0x000000002001342c        0x8 /Users/quinnbracken/Library/Application Support/Code/User/globalStorage/vexrobotics.vexcode/sdk/cpp/IQ2/IQ2_20230627_09_00_00/vexiq2/libviq2rt.a(vex_gyro.cpp.o)
                0x000000002001342c                non-virtual thunk to vex::gyro::~gyro()
 .text._ZN3vex4gyroD0Ev
                0x0000000020013434       0x12 /Users/quinnbracken/Library/Application Support/Code/User/globalStorage/vexrobotics.vexcode/sdk/cpp/IQ2/IQ2_20230627_09_00_00/vexiq2/libviq2rt.a(vex_gyro.cpp.o)
                0x0000000020013434                vex::gyro::~gyro()
 .text._ZThn20_N3vex4gyroD0Ev
                0x0000000020013446        0x8 /Users/quinnbracken/Library/Application Support/Code/User/globalStorage/vexrobotics.vexcode/sdk/cpp/IQ2/IQ2_20230627_09_00_00/vexiq2/libviq2rt.a(vex_gyro.cpp.o)
                0x0000000020013446                non-virtual thunk to vex::gyro::~gyro()
 .text._ZN3vex4gyro9installedEv
                0x000000002001344e        0xe /Users/quinnbracken/Library/Application Support/Code/User/globalStorage/vexrobotics.vexcode/sdk/cpp/IQ2/IQ2_20230627_09_00_00/vexiq2/libviq2rt.a(vex_gyro.cpp.o)
                0x000000002001344e                vex::gyro::installed()
 .text._ZN3vex4gyro11getTurnTypeEv
                0x000000002001345c        0xe /Users/quinnbracken/Library/Application Support/Code/User/globalStorage/vexrobotics.vexcode/sdk/cpp/IQ2/IQ2_20230627_09_00_00/vexiq2/libviq2rt.a(vex_gyro.cpp.o)
                0x000000002001345c                vex::gyro::getTurnType()
 .text._ZThn20_N3vex4gyro11getTurnTypeEv
                0x000000002001346a        0x8 /Users/quinnbracken/Library/Application Support/Code/User/globalStorage/vexrobotics.vexcode/sdk/cpp/IQ2/IQ2_20230627_09_00_00/vexiq2/libviq2rt.a(vex_gyro.cpp.o)
                0x000000002001346a                non-virtual thunk to vex::gyro::getTurnType()
 *fill*         0x0000000020013472        0x6 
 .text._ZN3vex4gyro12resetHeadingEv
                0x0000000020013478       0x18 /Users/quinnbracken/Library/Application Support/Code/User/globalStorage/vexrobotics.vexcode/sdk/cpp/IQ2/IQ2_20230627_09_00_00/vexiq2/libviq2rt.a(vex_gyro.cpp.o)
                0x0000000020013478                vex::gyro::resetHeading()
 .text._ZN3vex4gyro13resetRotationEv
                0x0000000020013490       0x18 /Users/quinnbracken/Library/Application Support/Code/User/globalStorage/vexrobotics.vexcode/sdk/cpp/IQ2/IQ2_20230627_09_00_00/vexiq2/libviq2rt.a(vex_gyro.cpp.o)
                0x0000000020013490                vex::gyro::resetRotation()
 .text._ZN3vex4gyro11setTurnTypeENS_8turnTypeE
                0x00000000200134a8        0xa /Users/quinnbracken/Library/Application Support/Code/User/globalStorage/vexrobotics.vexcode/sdk/cpp/IQ2/IQ2_20230627_09_00_00/vexiq2/libviq2rt.a(vex_gyro.cpp.o)
                0x00000000200134a8                vex::gyro::setTurnType(vex::turnType)
 *fill*         0x00000000200134b2        0x2 
 .text._ZN3vex4gyroC2ElbNS_8turnTypeE
                0x00000000200134b4       0x64 /Users/quinnbracken/Library/Application Support/Code/User/globalStorage/vexrobotics.vexcode/sdk/cpp/IQ2/IQ2_20230627_09_00_00/vexiq2/libviq2rt.a(vex_gyro.cpp.o)
                0x00000000200134b4                vex::gyro::gyro(long, bool, vex::turnType)
                0x00000000200134b4                vex::gyro::gyro(long, bool, vex::turnType)
 .text._ZN3vex4gyro15getAngleAndRateEv
                0x0000000020013518       0x70 /Users/quinnbracken/Library/Application Support/Code/User/globalStorage/vexrobotics.vexcode/sdk/cpp/IQ2/IQ2_20230627_09_00_00/vexiq2/libviq2rt.a(vex_gyro.cpp.o)
                0x0000000020013518                vex::gyro::getAngleAndRate()
 .text._ZN3vex4gyro18calibrationFlagGetEv
                0x0000000020013588        0x6 /Users/quinnbracken/Library/Application Support/Code/User/globalStorage/vexrobotics.vexcode/sdk/cpp/IQ2/IQ2_20230627_09_00_00/vexiq2/libviq2rt.a(vex_gyro.cpp.o)
                0x0000000020013588                vex::gyro::calibrationFlagGet()
 .text._ZN3vex4gyro16startCalibrationENS_19gyroCalibrationTypeEb
                0x000000002001358e       0x66 /Users/quinnbracken/Library/Application Support/Code/User/globalStorage/vexrobotics.vexcode/sdk/cpp/IQ2/IQ2_20230627_09_00_00/vexiq2/libviq2rt.a(vex_gyro.cpp.o)
                0x000000002001358e                vex::gyro::startCalibration(vex::gyroCalibrationType, bool)
 .text._ZN3vex4gyro9calibrateEl
                0x00000000200135f4       0x12 /Users/quinnbracken/Library/Application Support/Code/User/globalStorage/vexrobotics.vexcode/sdk/cpp/IQ2/IQ2_20230627_09_00_00/vexiq2/libviq2rt.a(vex_gyro.cpp.o)
                0x00000000200135f4                vex::gyro::calibrate(long)
                0x0000000020013600                non-virtual thunk to vex::gyro::calibrate(long)
 .text._ZN3vex4gyro13isCalibratingEv
                0x0000000020013606       0x20 /Users/quinnbracken/Library/Application Support/Code/User/globalStorage/vexrobotics.vexcode/sdk/cpp/IQ2/IQ2_20230627_09_00_00/vexiq2/libviq2rt.a(vex_gyro.cpp.o)
                0x0000000020013606                vex::gyro::isCalibrating()
 .text._ZThn20_N3vex4gyro13isCalibratingEv
                0x0000000020013626        0x8 /Users/quinnbracken/Library/Application Support/Code/User/globalStorage/vexrobotics.vexcode/sdk/cpp/IQ2/IQ2_20230627_09_00_00/vexiq2/libviq2rt.a(vex_gyro.cpp.o)
                0x0000000020013626                non-virtual thunk to vex::gyro::isCalibrating()
 *fill*         0x000000002001362e        0x2 
 .text._ZN3vex4gyro10rawToAngleElNS_13rotationUnitsE
                0x0000000020013630       0x38 /Users/quinnbracken/Library/Application Support/Code/User/globalStorage/vexrobotics.vexcode/sdk/cpp/IQ2/IQ2_20230627_09_00_00/vexiq2/libviq2rt.a(vex_gyro.cpp.o)
                0x0000000020013630                vex::gyro::rawToAngle(long, vex::rotationUnits)
 .text._ZN3vex4gyro5angleENS_13rotationUnitsE
                0x0000000020013668       0x18 /Users/quinnbracken/Library/Application Support/Code/User/globalStorage/vexrobotics.vexcode/sdk/cpp/IQ2/IQ2_20230627_09_00_00/vexiq2/libviq2rt.a(vex_gyro.cpp.o)
                0x0000000020013668                vex::gyro::angle(vex::rotationUnits)
 .text._ZThn20_N3vex4gyro5angleENS_13rotationUnitsE
                0x0000000020013680        0x8 /Users/quinnbracken/Library/Application Support/Code/User/globalStorage/vexrobotics.vexcode/sdk/cpp/IQ2/IQ2_20230627_09_00_00/vexiq2/libviq2rt.a(vex_gyro.cpp.o)
                0x0000000020013680                non-virtual thunk to vex::gyro::angle(vex::rotationUnits)
 .text._ZN3vex4gyro7headingENS_13rotationUnitsE
                0x0000000020013688       0x18 /Users/quinnbracken/Library/Application Support/Code/User/globalStorage/vexrobotics.vexcode/sdk/cpp/IQ2/IQ2_20230627_09_00_00/vexiq2/libviq2rt.a(vex_gyro.cpp.o)
                0x0000000020013688                vex::gyro::heading(vex::rotationUnits)
 .text._ZThn20_N3vex4gyro7headingENS_13rotationUnitsE
                0x00000000200136a0        0x8 /Users/quinnbracken/Library/Application Support/Code/User/globalStorage/vexrobotics.vexcode/sdk/cpp/IQ2/IQ2_20230627_09_00_00/vexiq2/libviq2rt.a(vex_gyro.cpp.o)
                0x00000000200136a0                non-virtual thunk to vex::gyro::heading(vex::rotationUnits)
 .text._ZN3vex4gyro8rotationENS_13rotationUnitsE
                0x00000000200136a8       0x18 /Users/quinnbracken/Library/Application Support/Code/User/globalStorage/vexrobotics.vexcode/sdk/cpp/IQ2/IQ2_20230627_09_00_00/vexiq2/libviq2rt.a(vex_gyro.cpp.o)
                0x00000000200136a8                vex::gyro::rotation(vex::rotationUnits)
 .text._ZThn20_N3vex4gyro8rotationENS_13rotationUnitsE
                0x00000000200136c0        0x8 /Users/quinnbracken/Library/Application Support/Code/User/globalStorage/vexrobotics.vexcode/sdk/cpp/IQ2/IQ2_20230627_09_00_00/vexiq2/libviq2rt.a(vex_gyro.cpp.o)
                0x00000000200136c0                non-virtual thunk to vex::gyro::rotation(vex::rotationUnits)
 .text._ZN3vex4gyro10angleToRawEdNS_13rotationUnitsE
                0x00000000200136c8       0x3c /Users/quinnbracken/Library/Application Support/Code/User/globalStorage/vexrobotics.vexcode/sdk/cpp/IQ2/IQ2_20230627_09_00_00/vexiq2/libviq2rt.a(vex_gyro.cpp.o)
                0x00000000200136c8                vex::gyro::angleToRaw(double, vex::rotationUnits)
 .text._ZN3vex4gyro10setHeadingEdNS_13rotationUnitsE
                0x0000000020013704       0x2e /Users/quinnbracken/Library/Application Support/Code/User/globalStorage/vexrobotics.vexcode/sdk/cpp/IQ2/IQ2_20230627_09_00_00/vexiq2/libviq2rt.a(vex_gyro.cpp.o)
                0x0000000020013704                vex::gyro::setHeading(double, vex::rotationUnits)
 .text._ZThn20_N3vex4gyro10setHeadingEdNS_13rotationUnitsE
                0x0000000020013732        0x8 /Users/quinnbracken/Library/Application Support/Code/User/globalStorage/vexrobotics.vexcode/sdk/cpp/IQ2/IQ2_20230627_09_00_00/vexiq2/libviq2rt.a(vex_gyro.cpp.o)
                0x0000000020013732                non-virtual thunk to vex::gyro::setHeading(double, vex::rotationUnits)
 .text._ZN3vex4gyro11setRotationEdNS_13rotationUnitsE
                0x000000002001373a       0x2c /Users/quinnbracken/Library/Application Support/Code/User/globalStorage/vexrobotics.vexcode/sdk/cpp/IQ2/IQ2_20230627_09_00_00/vexiq2/libviq2rt.a(vex_gyro.cpp.o)
                0x000000002001373a                vex::gyro::setRotation(double, vex::rotationUnits)
 .text._ZThn20_N3vex4gyro11setRotationEdNS_13rotationUnitsE
                0x0000000020013766        0x8 /Users/quinnbracken/Library/Application Support/Code/User/globalStorage/vexrobotics.vexcode/sdk/cpp/IQ2/IQ2_20230627_09_00_00/vexiq2/libviq2rt.a(vex_gyro.cpp.o)
                0x0000000020013766                non-virtual thunk to vex::gyro::setRotation(double, vex::rotationUnits)
 .text._ZN3vex7optical9installedEv
                0x000000002001376e       0x10 /Users/quinnbracken/Library/Application Support/Code/User/globalStorage/vexrobotics.vexcode/sdk/cpp/IQ2/IQ2_20230627_09_00_00/vexiq2/libviq2rt.a(vex_optical.cpp.o)
                0x000000002001376e                vex::optical::installed()
 *fill*         0x000000002001377e        0x2 
 .text._ZN3vex7opticalD2Ev
                0x0000000020013780       0x14 /Users/quinnbracken/Library/Application Support/Code/User/globalStorage/vexrobotics.vexcode/sdk/cpp/IQ2/IQ2_20230627_09_00_00/vexiq2/libviq2rt.a(vex_optical.cpp.o)
                0x0000000020013780                vex::optical::~optical()
                0x0000000020013780                vex::optical::~optical()
 .text._ZN3vex7optical3hueEv
                0x0000000020013794        0x6 /Users/quinnbracken/Library/Application Support/Code/User/globalStorage/vexrobotics.vexcode/sdk/cpp/IQ2/IQ2_20230627_09_00_00/vexiq2/libviq2rt.a(vex_optical.cpp.o)
                0x0000000020013794                vex::optical::hue()
 .text._ZN3vex7optical5valueEv
                0x000000002001379a       0x10 /Users/quinnbracken/Library/Application Support/Code/User/globalStorage/vexrobotics.vexcode/sdk/cpp/IQ2/IQ2_20230627_09_00_00/vexiq2/libviq2rt.a(vex_optical.cpp.o)
                0x000000002001379a                vex::optical::value()
 .text._ZN3vex7optical13gestureEnableEv
                0x00000000200137aa        0x6 /Users/quinnbracken/Library/Application Support/Code/User/globalStorage/vexrobotics.vexcode/sdk/cpp/IQ2/IQ2_20230627_09_00_00/vexiq2/libviq2rt.a(vex_optical.cpp.o)
                0x00000000200137aa                vex::optical::gestureEnable()
 .text._ZN3vex7optical14gestureDisableEv
                0x00000000200137b0        0x6 /Users/quinnbracken/Library/Application Support/Code/User/globalStorage/vexrobotics.vexcode/sdk/cpp/IQ2/IQ2_20230627_09_00_00/vexiq2/libviq2rt.a(vex_optical.cpp.o)
                0x00000000200137b0                vex::optical::gestureDisable()
 *fill*         0x00000000200137b6        0x2 
 .text._ZN3vex7opticalC2Elb
                0x00000000200137b8       0x34 /Users/quinnbracken/Library/Application Support/Code/User/globalStorage/vexrobotics.vexcode/sdk/cpp/IQ2/IQ2_20230627_09_00_00/vexiq2/libviq2rt.a(vex_optical.cpp.o)
                0x00000000200137b8                vex::optical::optical(long, bool)
                0x00000000200137b8                vex::optical::optical(long, bool)
 .text._ZN3vex11motor_group18motor_group_motorsC2Ev
                0x00000000200137ec       0x18 /Users/quinnbracken/Library/Application Support/Code/User/globalStorage/vexrobotics.vexcode/sdk/cpp/IQ2/IQ2_20230627_09_00_00/vexiq2/libviq2rt.a(vex_motorgroup.cpp.o)
                0x00000000200137ec                vex::motor_group::motor_group_motors::motor_group_motors()
                0x00000000200137ec                vex::motor_group::motor_group_motors::motor_group_motors()
 .text._ZN3vex11motor_groupC2Ev
                0x0000000020013804       0x14 /Users/quinnbracken/Library/Application Support/Code/User/globalStorage/vexrobotics.vexcode/sdk/cpp/IQ2/IQ2_20230627_09_00_00/vexiq2/libviq2rt.a(vex_motorgroup.cpp.o)
                0x0000000020013804                vex::motor_group::motor_group()
                0x0000000020013804                vex::motor_group::motor_group()
 .text._ZN3vex11motor_groupD2Ev
                0x0000000020013818        0x2 /Users/quinnbracken/Library/Application Support/Code/User/globalStorage/vexrobotics.vexcode/sdk/cpp/IQ2/IQ2_20230627_09_00_00/vexiq2/libviq2rt.a(vex_motorgroup.cpp.o)
                0x0000000020013818                vex::motor_group::~motor_group()
                0x0000000020013818                vex::motor_group::~motor_group()
 .text._ZN3vex11motor_group9_addMotorERNS_5motorE
                0x000000002001381a       0x14 /Users/quinnbracken/Library/Application Support/Code/User/globalStorage/vexrobotics.vexcode/sdk/cpp/IQ2/IQ2_20230627_09_00_00/vexiq2/libviq2rt.a(vex_motorgroup.cpp.o)
                0x000000002001381a                vex::motor_group::_addMotor(vex::motor&)
 .text._ZN3vex11motor_group11setVelocityEdNS_13velocityUnitsE
                0x000000002001382e       0x3a /Users/quinnbracken/Library/Application Support/Code/User/globalStorage/vexrobotics.vexcode/sdk/cpp/IQ2/IQ2_20230627_09_00_00/vexiq2/libviq2rt.a(vex_motorgroup.cpp.o)
                0x000000002001382e                vex::motor_group::setVelocity(double, vex::velocityUnits)
 .text._ZN3vex11motor_group11setPositionEdNS_13rotationUnitsE
                0x0000000020013868       0x3a /Users/quinnbracken/Library/Application Support/Code/User/globalStorage/vexrobotics.vexcode/sdk/cpp/IQ2/IQ2_20230627_09_00_00/vexiq2/libviq2rt.a(vex_motorgroup.cpp.o)
                0x0000000020013868                vex::motor_group::setPosition(double, vex::rotationUnits)
 .text._ZN3vex11motor_group4spinENS_13directionTypeE
                0x00000000200138a2       0x22 /Users/quinnbracken/Library/Application Support/Code/User/globalStorage/vexrobotics.vexcode/sdk/cpp/IQ2/IQ2_20230627_09_00_00/vexiq2/libviq2rt.a(vex_motorgroup.cpp.o)
                0x00000000200138a2                vex::motor_group::spin(vex::directionType)
 .text._ZN3vex11motor_group10isSpinningEv
                0x00000000200138c4       0x26 /Users/quinnbracken/Library/Application Support/Code/User/globalStorage/vexrobotics.vexcode/sdk/cpp/IQ2/IQ2_20230627_09_00_00/vexiq2/libviq2rt.a(vex_motorgroup.cpp.o)
                0x00000000200138c4                vex::motor_group::isSpinning()
 .text._ZN3vex11motor_group6isDoneEv
                0x00000000200138ea        0xe /Users/quinnbracken/Library/Application Support/Code/User/globalStorage/vexrobotics.vexcode/sdk/cpp/IQ2/IQ2_20230627_09_00_00/vexiq2/libviq2rt.a(vex_motorgroup.cpp.o)
                0x00000000200138ea                vex::motor_group::isDone()
 .text._ZN3vex11motor_group4stopEv
                0x00000000200138f8       0x1e /Users/quinnbracken/Library/Application Support/Code/User/globalStorage/vexrobotics.vexcode/sdk/cpp/IQ2/IQ2_20230627_09_00_00/vexiq2/libviq2rt.a(vex_motorgroup.cpp.o)
                0x00000000200138f8                vex::motor_group::stop()
 .text._ZN3vex11motor_group4stopENS_9brakeTypeE
                0x0000000020013916       0x22 /Users/quinnbracken/Library/Application Support/Code/User/globalStorage/vexrobotics.vexcode/sdk/cpp/IQ2/IQ2_20230627_09_00_00/vexiq2/libviq2rt.a(vex_motorgroup.cpp.o)
                0x0000000020013916                vex::motor_group::stop(vex::brakeType)
 .text._ZN3vex11motor_group20waitForCompletionAllEv
                0x0000000020013938       0x36 /Users/quinnbracken/Library/Application Support/Code/User/globalStorage/vexrobotics.vexcode/sdk/cpp/IQ2/IQ2_20230627_09_00_00/vexiq2/libviq2rt.a(vex_motorgroup.cpp.o)
                0x0000000020013938                vex::motor_group::waitForCompletionAll()
 .text._ZN3vex11motor_group6spinToEdNS_13rotationUnitsEb
                0x000000002001396e       0x56 /Users/quinnbracken/Library/Application Support/Code/User/globalStorage/vexrobotics.vexcode/sdk/cpp/IQ2/IQ2_20230627_09_00_00/vexiq2/libviq2rt.a(vex_motorgroup.cpp.o)
                0x000000002001396e                vex::motor_group::spinTo(double, vex::rotationUnits, bool)
 .text._ZN3vex11motor_group14spinToPositionEdNS_13rotationUnitsEb
                0x00000000200139c4        0x4 /Users/quinnbracken/Library/Application Support/Code/User/globalStorage/vexrobotics.vexcode/sdk/cpp/IQ2/IQ2_20230627_09_00_00/vexiq2/libviq2rt.a(vex_motorgroup.cpp.o)
                0x00000000200139c4                vex::motor_group::spinToPosition(double, vex::rotationUnits, bool)
 .text._ZN3vex10controllerC2Ev
                0x00000000200139c8       0x5e /Users/quinnbracken/Library/Application Support/Code/User/globalStorage/vexrobotics.vexcode/sdk/cpp/IQ2/IQ2_20230627_09_00_00/vexiq2/libviq2rt.a(vex_controller.cpp.o)
                0x00000000200139c8                vex::controller::controller()
                0x00000000200139c8                vex::controller::controller()
 .text._ZN3vex10controllerD2Ev
                0x0000000020013a26        0x2 /Users/quinnbracken/Library/Application Support/Code/User/globalStorage/vexrobotics.vexcode/sdk/cpp/IQ2/IQ2_20230627_09_00_00/vexiq2/libviq2rt.a(vex_controller.cpp.o)
                0x0000000020013a26                vex::controller::~controller()
                0x0000000020013a26                vex::controller::~controller()
 .text._ZNK3vex10controller6button7pressedEPFvvE
                0x0000000020013a28       0x76 /Users/quinnbracken/Library/Application Support/Code/User/globalStorage/vexrobotics.vexcode/sdk/cpp/IQ2/IQ2_20230627_09_00_00/vexiq2/libviq2rt.a(vex_controller.cpp.o)
                0x0000000020013a28                vex::controller::button::pressed(void (*)()) const
 .text._ZNK3vex10controller6button8releasedEPFvvE
                0x0000000020013a9e       0x76 /Users/quinnbracken/Library/Application Support/Code/User/globalStorage/vexrobotics.vexcode/sdk/cpp/IQ2/IQ2_20230627_09_00_00/vexiq2/libviq2rt.a(vex_controller.cpp.o)
                0x0000000020013a9e                vex::controller::button::released(void (*)()) const
 .text._ZN3vex5event4initEmmPFvvE
                0x0000000020013b14        0x4 /Users/quinnbracken/Library/Application Support/Code/User/globalStorage/vexrobotics.vexcode/sdk/cpp/IQ2/IQ2_20230627_09_00_00/vexiq2/libviq2rt.a(vex_event.cpp.o)
                0x0000000020013b14                vex::event::init(unsigned long, unsigned long, void (*)())
 .text._ZN3vex5event9userindexEv
                0x0000000020013b18        0x4 /Users/quinnbracken/Library/Application Support/Code/User/globalStorage/vexrobotics.vexcode/sdk/cpp/IQ2/IQ2_20230627_09_00_00/vexiq2/libviq2rt.a(vex_event.cpp.o)
                0x0000000020013b18                vex::event::userindex()
 .text.__aeabi_atexit
                0x0000000020013b1c        0xa /Users/quinnbracken/Library/Application Support/Code/User/globalStorage/vexrobotics.vexcode/sdk/cpp/IQ2/IQ2_20230627_09_00_00/vexiq2/gcc/libs/libc_nano.a(lib_a-aeabi_atexit.o)
                0x0000000020013b1c                __aeabi_atexit
 .text.__aeabi_memclr
                0x0000000020013b26        0x6 /Users/quinnbracken/Library/Application Support/Code/User/globalStorage/vexrobotics.vexcode/sdk/cpp/IQ2/IQ2_20230627_09_00_00/vexiq2/gcc/libs/libc_nano.a(lib_a-aeabi_memclr.o)
                0x0000000020013b26                __aeabi_memclr8
                0x0000000020013b26                __aeabi_memclr
                0x0000000020013b26                __aeabi_memclr4
 .text.__sflush_r
                0x0000000020013b2c      0x10c /Users/quinnbracken/Library/Application Support/Code/User/globalStorage/vexrobotics.vexcode/sdk/cpp/IQ2/IQ2_20230627_09_00_00/vexiq2/gcc/libs/libc_nano.a(lib_a-fflush.o)
                0x0000000020013b2c                __sflush_r
 .text._fflush_r
                0x0000000020013c38       0x54 /Users/quinnbracken/Library/Application Support/Code/User/globalStorage/vexrobotics.vexcode/sdk/cpp/IQ2/IQ2_20230627_09_00_00/vexiq2/gcc/libs/libc_nano.a(lib_a-fflush.o)
                0x0000000020013c38                _fflush_r
 .text.std      0x0000000020013c8c       0x48 /Users/quinnbracken/Library/Application Support/Code/User/globalStorage/vexrobotics.vexcode/sdk/cpp/IQ2/IQ2_20230627_09_00_00/vexiq2/gcc/libs/libc_nano.a(lib_a-findfp.o)
 .text._cleanup_r
                0x0000000020013cd4        0xc /Users/quinnbracken/Library/Application Support/Code/User/globalStorage/vexrobotics.vexcode/sdk/cpp/IQ2/IQ2_20230627_09_00_00/vexiq2/gcc/libs/libc_nano.a(lib_a-findfp.o)
                0x0000000020013cd4                _cleanup_r
 .text.__sfmoreglue
                0x0000000020013ce0       0x2c /Users/quinnbracken/Library/Application Support/Code/User/globalStorage/vexrobotics.vexcode/sdk/cpp/IQ2/IQ2_20230627_09_00_00/vexiq2/gcc/libs/libc_nano.a(lib_a-findfp.o)
                0x0000000020013ce0                __sfmoreglue
 .text.__sinit  0x0000000020013d0c       0x60 /Users/quinnbracken/Library/Application Support/Code/User/globalStorage/vexrobotics.vexcode/sdk/cpp/IQ2/IQ2_20230627_09_00_00/vexiq2/gcc/libs/libc_nano.a(lib_a-findfp.o)
                0x0000000020013d0c                __sinit
 .text.__sfp    0x0000000020013d6c       0x78 /Users/quinnbracken/Library/Application Support/Code/User/globalStorage/vexrobotics.vexcode/sdk/cpp/IQ2/IQ2_20230627_09_00_00/vexiq2/gcc/libs/libc_nano.a(lib_a-findfp.o)
                0x0000000020013d6c                __sfp
 .text._fwalk_reent
                0x0000000020013de4       0x3c /Users/quinnbracken/Library/Application Support/Code/User/globalStorage/vexrobotics.vexcode/sdk/cpp/IQ2/IQ2_20230627_09_00_00/vexiq2/gcc/libs/libc_nano.a(lib_a-fwalk.o)
                0x0000000020013de4                _fwalk_reent
 .text.__libc_init_array
                0x0000000020013e20       0x48 /Users/quinnbracken/Library/Application Support/Code/User/globalStorage/vexrobotics.vexcode/sdk/cpp/IQ2/IQ2_20230627_09_00_00/vexiq2/gcc/libs/libc_nano.a(lib_a-init.o)
                0x0000000020013e20                __libc_init_array
 .text.__swhatbuf_r
                0x0000000020013e68       0x48 /Users/quinnbracken/Library/Application Support/Code/User/globalStorage/vexrobotics.vexcode/sdk/cpp/IQ2/IQ2_20230627_09_00_00/vexiq2/gcc/libs/libc_nano.a(lib_a-makebuf.o)
                0x0000000020013e68                __swhatbuf_r
 .text.__smakebuf_r
                0x0000000020013eb0       0x80 /Users/quinnbracken/Library/Application Support/Code/User/globalStorage/vexrobotics.vexcode/sdk/cpp/IQ2/IQ2_20230627_09_00_00/vexiq2/gcc/libs/libc_nano.a(lib_a-makebuf.o)
                0x0000000020013eb0                __smakebuf_r
 .text.memset   0x0000000020013f30       0x10 /Users/quinnbracken/Library/Application Support/Code/User/globalStorage/vexrobotics.vexcode/sdk/cpp/IQ2/IQ2_20230627_09_00_00/vexiq2/gcc/libs/libc_nano.a(lib_a-memset.o)
                0x0000000020013f30                memset
 .text._free_r  0x0000000020013f40       0x9c /Users/quinnbracken/Library/Application Support/Code/User/globalStorage/vexrobotics.vexcode/sdk/cpp/IQ2/IQ2_20230627_09_00_00/vexiq2/gcc/libs/libc_nano.a(lib_a-nano-freer.o)
                0x0000000020013f40                _free_r
 .text._malloc_r
                0x0000000020013fdc       0xb4 /Users/quinnbracken/Library/Application Support/Code/User/globalStorage/vexrobotics.vexcode/sdk/cpp/IQ2/IQ2_20230627_09_00_00/vexiq2/gcc/libs/libc_nano.a(lib_a-nano-mallocr.o)
                0x0000000020013fdc                _malloc_r
 .text.printf   0x0000000020014090       0x30 /Users/quinnbracken/Library/Application Support/Code/User/globalStorage/vexrobotics.vexcode/sdk/cpp/IQ2/IQ2_20230627_09_00_00/vexiq2/gcc/libs/libc_nano.a(lib_a-printf.o)
                0x0000000020014090                printf
                0x0000000020014090                iprintf
 .text._puts_r  0x00000000200140c0       0xb8 /Users/quinnbracken/Library/Application Support/Code/User/globalStorage/vexrobotics.vexcode/sdk/cpp/IQ2/IQ2_20230627_09_00_00/vexiq2/gcc/libs/libc_nano.a(lib_a-puts.o)
                0x00000000200140c0                _puts_r
 .text.puts     0x0000000020014178       0x10 /Users/quinnbracken/Library/Application Support/Code/User/globalStorage/vexrobotics.vexcode/sdk/cpp/IQ2/IQ2_20230627_09_00_00/vexiq2/gcc/libs/libc_nano.a(lib_a-puts.o)
                0x0000000020014178                puts
 .text._sbrk_r  0x0000000020014188       0x20 /Users/quinnbracken/Library/Application Support/Code/User/globalStorage/vexrobotics.vexcode/sdk/cpp/IQ2/IQ2_20230627_09_00_00/vexiq2/gcc/libs/libc_nano.a(lib_a-sbrkr.o)
                0x0000000020014188                _sbrk_r
 .text.__sread  0x00000000200141a8       0x22 /Users/quinnbracken/Library/Application Support/Code/User/globalStorage/vexrobotics.vexcode/sdk/cpp/IQ2/IQ2_20230627_09_00_00/vexiq2/gcc/libs/libc_nano.a(lib_a-stdio.o)
                0x00000000200141a8                __sread
 .text.__swrite
                0x00000000200141ca       0x38 /Users/quinnbracken/Library/Application Support/Code/User/globalStorage/vexrobotics.vexcode/sdk/cpp/IQ2/IQ2_20230627_09_00_00/vexiq2/gcc/libs/libc_nano.a(lib_a-stdio.o)
                0x00000000200141ca                __swrite
 .text.__sseek  0x0000000020014202       0x24 /Users/quinnbracken/Library/Application Support/Code/User/globalStorage/vexrobotics.vexcode/sdk/cpp/IQ2/IQ2_20230627_09_00_00/vexiq2/gcc/libs/libc_nano.a(lib_a-stdio.o)
                0x0000000020014202                __sseek
 .text.__sclose
                0x0000000020014226        0x8 /Users/quinnbracken/Library/Application Support/Code/User/globalStorage/vexrobotics.vexcode/sdk/cpp/IQ2/IQ2_20230627_09_00_00/vexiq2/gcc/libs/libc_nano.a(lib_a-stdio.o)
                0x0000000020014226                __sclose
 *fill*         0x000000002001422e        0x2 
 .text.__swbuf_r
                0x0000000020014230       0xa4 /Users/quinnbracken/Library/Application Support/Code/User/globalStorage/vexrobotics.vexcode/sdk/cpp/IQ2/IQ2_20230627_09_00_00/vexiq2/gcc/libs/libc_nano.a(lib_a-wbuf.o)
                0x0000000020014230                __swbuf_r
 .text._write_r
                0x00000000200142d4       0x24 /Users/quinnbracken/Library/Application Support/Code/User/globalStorage/vexrobotics.vexcode/sdk/cpp/IQ2/IQ2_20230627_09_00_00/vexiq2/gcc/libs/libc_nano.a(lib_a-writer.o)
                0x00000000200142d4                _write_r
 .text.__swsetup_r
                0x00000000200142f8       0xdc /Users/quinnbracken/Library/Application Support/Code/User/globalStorage/vexrobotics.vexcode/sdk/cpp/IQ2/IQ2_20230627_09_00_00/vexiq2/gcc/libs/libc_nano.a(lib_a-wsetup.o)
                0x00000000200142f8                __swsetup_r
 .text._close_r
                0x00000000200143d4       0x20 /Users/quinnbracken/Library/Application Support/Code/User/globalStorage/vexrobotics.vexcode/sdk/cpp/IQ2/IQ2_20230627_09_00_00/vexiq2/gcc/libs/libc_nano.a(lib_a-closer.o)
                0x00000000200143d4                _close_r
 .text._fstat_r
                0x00000000200143f4       0x24 /Users/quinnbracken/Library/Application Support/Code/User/globalStorage/vexrobotics.vexcode/sdk/cpp/IQ2/IQ2_20230627_09_00_00/vexiq2/gcc/libs/libc_nano.a(lib_a-fstatr.o)
                0x00000000200143f4                _fstat_r
 .text._isatty_r
                0x0000000020014418       0x20 /Users/quinnbracken/Library/Application Support/Code/User/globalStorage/vexrobotics.vexcode/sdk/cpp/IQ2/IQ2_20230627_09_00_00/vexiq2/gcc/libs/libc_nano.a(lib_a-isattyr.o)
                0x0000000020014418                _isatty_r
 .text._lseek_r
                0x0000000020014438       0x24 /Users/quinnbracken/Library/Application Support/Code/User/globalStorage/vexrobotics.vexcode/sdk/cpp/IQ2/IQ2_20230627_09_00_00/vexiq2/gcc/libs/libc_nano.a(lib_a-lseekr.o)
                0x0000000020014438                _lseek_r
 .text.__malloc_lock
                0x000000002001445c        0x2 /Users/quinnbracken/Library/Application Support/Code/User/globalStorage/vexrobotics.vexcode/sdk/cpp/IQ2/IQ2_20230627_09_00_00/vexiq2/gcc/libs/libc_nano.a(lib_a-mlock.o)
                0x000000002001445c                __malloc_lock
 .text.__malloc_unlock
                0x000000002001445e        0x2 /Users/quinnbracken/Library/Application Support/Code/User/globalStorage/vexrobotics.vexcode/sdk/cpp/IQ2/IQ2_20230627_09_00_00/vexiq2/gcc/libs/libc_nano.a(lib_a-mlock.o)
                0x000000002001445e                __malloc_unlock
 .text.__sfputc_r
                0x0000000020014460       0x2e /Users/quinnbracken/Library/Application Support/Code/User/globalStorage/vexrobotics.vexcode/sdk/cpp/IQ2/IQ2_20230627_09_00_00/vexiq2/gcc/libs/libc_nano.a(lib_a-nano-vfprintf.o)
 .text.__sfputs_r
                0x000000002001448e       0x24 /Users/quinnbracken/Library/Application Support/Code/User/globalStorage/vexrobotics.vexcode/sdk/cpp/IQ2/IQ2_20230627_09_00_00/vexiq2/gcc/libs/libc_nano.a(lib_a-nano-vfprintf.o)
                0x000000002001448e                __sfputs_r
 *fill*         0x00000000200144b2        0x2 
 .text._vfprintf_r
                0x00000000200144b4      0x22c /Users/quinnbracken/Library/Application Support/Code/User/globalStorage/vexrobotics.vexcode/sdk/cpp/IQ2/IQ2_20230627_09_00_00/vexiq2/gcc/libs/libc_nano.a(lib_a-nano-vfprintf.o)
                0x00000000200144b4                _vfiprintf_r
                0x00000000200144b4                _vfprintf_r
 .text._printf_common
                0x00000000200146e0       0xea /Users/quinnbracken/Library/Application Support/Code/User/globalStorage/vexrobotics.vexcode/sdk/cpp/IQ2/IQ2_20230627_09_00_00/vexiq2/gcc/libs/libc_nano.a(lib_a-nano-vfprintf_i.o)
                0x00000000200146e0                _printf_common
 *fill*         0x00000000200147ca        0x2 
 .text._printf_i
                0x00000000200147cc      0x224 /Users/quinnbracken/Library/Application Support/Code/User/globalStorage/vexrobotics.vexcode/sdk/cpp/IQ2/IQ2_20230627_09_00_00/vexiq2/gcc/libs/libc_nano.a(lib_a-nano-vfprintf_i.o)
                0x00000000200147cc                _printf_i
 .text._read_r  0x00000000200149f0       0x24 /Users/quinnbracken/Library/Application Support/Code/User/globalStorage/vexrobotics.vexcode/sdk/cpp/IQ2/IQ2_20230627_09_00_00/vexiq2/gcc/libs/libc_nano.a(lib_a-readr.o)
                0x00000000200149f0                _read_r
 .text._ZdlPv   0x0000000020014a14        0x4 /Users/quinnbracken/Library/Application Support/Code/User/globalStorage/vexrobotics.vexcode/sdk/cpp/IQ2/IQ2_20230627_09_00_00/vexiq2/gcc/libs/libstdc++_nano.a(del_op.o)
                0x0000000020014a14                operator delete(void*)
 .text.cosf     0x0000000020014a18       0x90 /Users/quinnbracken/Library/Application Support/Code/User/globalStorage/vexrobotics.vexcode/sdk/cpp/IQ2/IQ2_20230627_09_00_00/vexiq2/gcc/libs/libm.a(lib_a-sf_cos.o)
                0x0000000020014a18                cosf
 .text.sinf     0x0000000020014aa8       0x94 /Users/quinnbracken/Library/Application Support/Code/User/globalStorage/vexrobotics.vexcode/sdk/cpp/IQ2/IQ2_20230627_09_00_00/vexiq2/gcc/libs/libm.a(lib_a-sf_sin.o)
                0x0000000020014aa8                sinf
 .text.__ieee754_rem_pio2f
                0x0000000020014b3c      0x298 /Users/quinnbracken/Library/Application Support/Code/User/globalStorage/vexrobotics.vexcode/sdk/cpp/IQ2/IQ2_20230627_09_00_00/vexiq2/gcc/libs/libm.a(lib_a-ef_rem_pio2.o)
                0x0000000020014b3c                __ieee754_rem_pio2f
 .text.__kernel_cosf
                0x0000000020014dd4      0x104 /Users/quinnbracken/Library/Application Support/Code/User/globalStorage/vexrobotics.vexcode/sdk/cpp/IQ2/IQ2_20230627_09_00_00/vexiq2/gcc/libs/libm.a(lib_a-kf_cos.o)
                0x0000000020014dd4                __kernel_cosf
 .text.__kernel_rem_pio2f
                0x0000000020014ed8      0x650 /Users/quinnbracken/Library/Application Support/Code/User/globalStorage/vexrobotics.vexcode/sdk/cpp/IQ2/IQ2_20230627_09_00_00/vexiq2/gcc/libs/libm.a(lib_a-kf_rem_pio2.o)
                0x0000000020014ed8                __kernel_rem_pio2f
 .text.__kernel_sinf
                0x0000000020015528       0x90 /Users/quinnbracken/Library/Application Support/Code/User/globalStorage/vexrobotics.vexcode/sdk/cpp/IQ2/IQ2_20230627_09_00_00/vexiq2/gcc/libs/libm.a(lib_a-kf_sin.o)
                0x0000000020015528                __kernel_sinf
 .text.fabsf    0x00000000200155b8       0x10 /Users/quinnbracken/Library/Application Support/Code/User/globalStorage/vexrobotics.vexcode/sdk/cpp/IQ2/IQ2_20230627_09_00_00/vexiq2/gcc/libs/libm.a(lib_a-sf_fabs.o)
                0x00000000200155b8                fabsf
 .text.floorf   0x00000000200155c8       0x8c /Users/quinnbracken/Library/Application Support/Code/User/globalStorage/vexrobotics.vexcode/sdk/cpp/IQ2/IQ2_20230627_09_00_00/vexiq2/gcc/libs/libm.a(lib_a-sf_floor.o)
                0x00000000200155c8                floorf
 .text.scalbnf  0x0000000020015654       0xd0 /Users/quinnbracken/Library/Application Support/Code/User/globalStorage/vexrobotics.vexcode/sdk/cpp/IQ2/IQ2_20230627_09_00_00/vexiq2/gcc/libs/libm.a(lib_a-sf_scalbn.o)
                0x0000000020015654                scalbnf
 .text.copysignf
                0x0000000020015724       0x18 /Users/quinnbracken/Library/Application Support/Code/User/globalStorage/vexrobotics.vexcode/sdk/cpp/IQ2/IQ2_20230627_09_00_00/vexiq2/gcc/libs/libm.a(lib_a-sf_copysign.o)
                0x0000000020015724                copysignf
 .text.__errno  0x000000002001573c        0xc /Users/quinnbracken/Library/Application Support/Code/User/globalStorage/vexrobotics.vexcode/sdk/cpp/IQ2/IQ2_20230627_09_00_00/vexiq2/libviq2rt.a(iq2_fstubs.c.o)
                0x000000002001573c                __errno
 .text._fstat   0x0000000020015748       0x1e /Users/quinnbracken/Library/Application Support/Code/User/globalStorage/vexrobotics.vexcode/sdk/cpp/IQ2/IQ2_20230627_09_00_00/vexiq2/libviq2rt.a(iq2_fstubs.c.o)
                0x0000000020015748                _fstat
 .text._lseek   0x0000000020015766       0x1c /Users/quinnbracken/Library/Application Support/Code/User/globalStorage/vexrobotics.vexcode/sdk/cpp/IQ2/IQ2_20230627_09_00_00/vexiq2/libviq2rt.a(iq2_fstubs.c.o)
                0x0000000020015766                _lseek
 .text._close   0x0000000020015782       0x14 /Users/quinnbracken/Library/Application Support/Code/User/globalStorage/vexrobotics.vexcode/sdk/cpp/IQ2/IQ2_20230627_09_00_00/vexiq2/libviq2rt.a(iq2_fstubs.c.o)
                0x0000000020015782                _close
 .text._read    0x0000000020015796       0x1c /Users/quinnbracken/Library/Application Support/Code/User/globalStorage/vexrobotics.vexcode/sdk/cpp/IQ2/IQ2_20230627_09_00_00/vexiq2/libviq2rt.a(iq2_fstubs.c.o)
                0x0000000020015796                _read
 .text._write   0x00000000200157b2       0x28 /Users/quinnbracken/Library/Application Support/Code/User/globalStorage/vexrobotics.vexcode/sdk/cpp/IQ2/IQ2_20230627_09_00_00/vexiq2/libviq2rt.a(iq2_fstubs.c.o)
                0x00000000200157b2                _write
 .text._isatty  0x00000000200157da       0x14 /Users/quinnbracken/Library/Application Support/Code/User/globalStorage/vexrobotics.vexcode/sdk/cpp/IQ2/IQ2_20230627_09_00_00/vexiq2/libviq2rt.a(iq2_fstubs.c.o)
                0x00000000200157da                _isatty
 *fill*         0x00000000200157ee        0x2 
 .text.free     0x00000000200157f0       0x10 /Users/quinnbracken/Library/Application Support/Code/User/globalStorage/vexrobotics.vexcode/sdk/cpp/IQ2/IQ2_20230627_09_00_00/vexiq2/gcc/libs/libc_nano.a(lib_a-malloc.o)
                0x00000000200157f0                free
 *(.gnu.linkonce.t.*)
 *(.plt)
 *(.gnu_warning)
 *(.gcc_except_table)
 *(.glue_7)
 .glue_7        0x0000000020015800        0x0 linker stubs
 *(.glue_7t)
 .glue_7t       0x0000000020015800        0x0 linker stubs
 *(.vfp11_veneer)
 .vfp11_veneer  0x0000000020015800        0x0 linker stubs
 *(.ARM.extab)
 *(.gnu.linkonce.armextab.*)

.v4_bx          0x0000000020015800        0x0
 .v4_bx         0x0000000020015800        0x0 linker stubs

.iplt           0x0000000020015800        0x0
 .iplt          0x0000000020015800        0x0 build/src/Drive.o

.init
 *(.init)

.fini
 *(.fini)

.rodata         0x0000000020015800      0x758
                0x0000000020015800                __rodata_start = .
 *(.rodata)
 *(.rodata.*)
 .rodata.str1.1
                0x0000000020015800       0x3b build/src/Drive.o
 .rodata.str1.1
                0x000000002001583b       0x6d build/src/auton.o
 .rodata.str1.1
                0x00000000200158a8       0x4b build/src/main.o
 .rodata.str1.1
                0x00000000200158f3       0x9d build/src/mechanisms.o
 .rodata.str1.1
                0x0000000020015990       0x22 /Users/quinnbracken/Library/Application Support/Code/User/globalStorage/vexrobotics.vexcode/sdk/cpp/IQ2/IQ2_20230627_09_00_00/vexiq2/libviq2rt.a(iq2_startup.c.o)
 *fill*         0x00000000200159b2        0x2 
 .rodata._ZN3vex6purpleE
                0x00000000200159b4        0x4 /Users/quinnbracken/Library/Application Support/Code/User/globalStorage/vexrobotics.vexcode/sdk/cpp/IQ2/IQ2_20230627_09_00_00/vexiq2/libviq2rt.a(vex_global.cpp.o)
                0x00000000200159b4                vex::purple
 .rodata._ZN3vex5PORT3E
                0x00000000200159b8        0x4 /Users/quinnbracken/Library/Application Support/Code/User/globalStorage/vexrobotics.vexcode/sdk/cpp/IQ2/IQ2_20230627_09_00_00/vexiq2/libviq2rt.a(vex_global.cpp.o)
                0x00000000200159b8                vex::PORT3
 .rodata._ZN3vex5PORT1E
                0x00000000200159bc        0x4 /Users/quinnbracken/Library/Application Support/Code/User/globalStorage/vexrobotics.vexcode/sdk/cpp/IQ2/IQ2_20230627_09_00_00/vexiq2/libviq2rt.a(vex_global.cpp.o)
                0x00000000200159bc                vex::PORT1
 .rodata._ZN3vex7reverseE
                0x00000000200159c0        0x4 /Users/quinnbracken/Library/Application Support/Code/User/globalStorage/vexrobotics.vexcode/sdk/cpp/IQ2/IQ2_20230627_09_00_00/vexiq2/libviq2rt.a(vex_global.cpp.o)
                0x00000000200159c0                vex::reverse
 .rodata._ZN3vex5PORT5E
                0x00000000200159c4        0x4 /Users/quinnbracken/Library/Application Support/Code/User/globalStorage/vexrobotics.vexcode/sdk/cpp/IQ2/IQ2_20230627_09_00_00/vexiq2/libviq2rt.a(vex_global.cpp.o)
                0x00000000200159c4                vex::PORT5
 .rodata._ZN3vex7forwardE
                0x00000000200159c8        0x4 /Users/quinnbracken/Library/Application Support/Code/User/globalStorage/vexrobotics.vexcode/sdk/cpp/IQ2/IQ2_20230627_09_00_00/vexiq2/libviq2rt.a(vex_global.cpp.o)
                0x00000000200159c8                vex::forward
 .rodata._ZN3vex7secondsE
                0x00000000200159cc        0x4 /Users/quinnbracken/Library/Application Support/Code/User/globalStorage/vexrobotics.vexcode/sdk/cpp/IQ2/IQ2_20230627_09_00_00/vexiq2/libviq2rt.a(vex_global.cpp.o)
                0x00000000200159cc                vex::seconds
 .rodata._ZN3vex3pctE
                0x00000000200159d0        0x4 /Users/quinnbracken/Library/Application Support/Code/User/globalStorage/vexrobotics.vexcode/sdk/cpp/IQ2/IQ2_20230627_09_00_00/vexiq2/libviq2rt.a(vex_global.cpp.o)
                0x00000000200159d0                vex::pct
 .rodata._ZN3vex3secE
                0x00000000200159d4        0x4 /Users/quinnbracken/Library/Application Support/Code/User/globalStorage/vexrobotics.vexcode/sdk/cpp/IQ2/IQ2_20230627_09_00_00/vexiq2/libviq2rt.a(vex_global.cpp.o)
                0x00000000200159d4                vex::sec
 .rodata._ZN3vex4msecE
                0x00000000200159d8        0x4 /Users/quinnbracken/Library/Application Support/Code/User/globalStorage/vexrobotics.vexcode/sdk/cpp/IQ2/IQ2_20230627_09_00_00/vexiq2/libviq2rt.a(vex_global.cpp.o)
                0x00000000200159d8                vex::msec
 .rodata._ZN3vex4blueE
                0x00000000200159dc        0x4 /Users/quinnbracken/Library/Application Support/Code/User/globalStorage/vexrobotics.vexcode/sdk/cpp/IQ2/IQ2_20230627_09_00_00/vexiq2/libviq2rt.a(vex_global.cpp.o)
                0x00000000200159dc                vex::blue
 .rodata._ZN3vex5PORT9E
                0x00000000200159e0        0x4 /Users/quinnbracken/Library/Application Support/Code/User/globalStorage/vexrobotics.vexcode/sdk/cpp/IQ2/IQ2_20230627_09_00_00/vexiq2/libviq2rt.a(vex_global.cpp.o)
                0x00000000200159e0                vex::PORT9
 .rodata._ZN3vex3rpmE
                0x00000000200159e4        0x4 /Users/quinnbracken/Library/Application Support/Code/User/globalStorage/vexrobotics.vexcode/sdk/cpp/IQ2/IQ2_20230627_09_00_00/vexiq2/libviq2rt.a(vex_global.cpp.o)
                0x00000000200159e4                vex::rpm
 .rodata._ZN3vex6PORT11E
                0x00000000200159e8        0x4 /Users/quinnbracken/Library/Application Support/Code/User/globalStorage/vexrobotics.vexcode/sdk/cpp/IQ2/IQ2_20230627_09_00_00/vexiq2/libviq2rt.a(vex_global.cpp.o)
                0x00000000200159e8                vex::PORT11
 .rodata._ZN3vex5PORT6E
                0x00000000200159ec        0x4 /Users/quinnbracken/Library/Application Support/Code/User/globalStorage/vexrobotics.vexcode/sdk/cpp/IQ2/IQ2_20230627_09_00_00/vexiq2/libviq2rt.a(vex_global.cpp.o)
                0x00000000200159ec                vex::PORT6
 .rodata._ZN3vex3degE
                0x00000000200159f0        0x4 /Users/quinnbracken/Library/Application Support/Code/User/globalStorage/vexrobotics.vexcode/sdk/cpp/IQ2/IQ2_20230627_09_00_00/vexiq2/libviq2rt.a(vex_global.cpp.o)
                0x00000000200159f0                vex::deg
 .rodata._ZN3vex5greenE
                0x00000000200159f4        0x4 /Users/quinnbracken/Library/Application Support/Code/User/globalStorage/vexrobotics.vexcode/sdk/cpp/IQ2/IQ2_20230627_09_00_00/vexiq2/libviq2rt.a(vex_global.cpp.o)
                0x00000000200159f4                vex::green
 .rodata._ZN3vex7percentE